
#0 building with "desktop-linux" instance using docker driver

#1 [internal] load build definition from Dockerfile
#1 transferring dockerfile: 2.12kB done
#1 DONE 0.0s

#2 [internal] load metadata for docker.io/library/python:3.13-slim
#2 DONE 1.0s

#3 [internal] load .dockerignore
#3 transferring context: 1.61kB done
#3 DONE 0.0s

#4 [builder 1/4] FROM docker.io/library/python:3.13-slim@sha256:8d9d0b8bcf6506481eae4907c18f5e3e7902e629f5f6d684f9e7c32e85e3ddf0
#4 resolve docker.io/library/python:3.13-slim@sha256:8d9d0b8bcf6506481eae4907c18f5e3e7902e629f5f6d684f9e7c32e85e3ddf0 0.0s done
#4 DONE 0.0s

#5 [internal] load build context
#5 transferring context: 59.81MB 2.3s done
#5 DONE 2.3s

#6 [builder 2/4] WORKDIR /build
#6 CACHED

#7 [builder 3/4] COPY requirements.txt ./
#7 CACHED

#8 [builder 4/4] RUN pip download --only-binary=:all: --dest /wheels -r requirements.txt
#8 CACHED

#9 [stage-1  3/18] COPY --from=builder /wheels /wheels
#9 CACHED

#10 [stage-1  4/18] COPY requirements.txt ./
#10 CACHED

#11 [stage-1  2/18] WORKDIR /app
#11 CACHED

#12 [stage-1  5/18] RUN pip install --no-cache-dir --no-index --find-links=/wheels -r requirements.txt     && rm -rf /wheels
#12 CACHED

#13 [stage-1  6/18] COPY alembic.ini ./
#13 CACHED

#14 [stage-1  7/18] COPY migrations ./migrations
#14 DONE 0.1s

#15 [stage-1  8/18] COPY scripts ./scripts
#15 DONE 0.1s

#16 [stage-1  9/18] COPY src ./src
#16 DONE 0.1s

#17 [stage-1 10/18] COPY config ./config
#17 DONE 0.0s

#18 [stage-1 11/18] COPY resources/catboost_models/integration-v2-final ./resources/catboost_models/integration-v2-final
#18 DONE 0.0s

#19 [stage-1 12/18] COPY resources/catboost_models/aml-game-v1 ./resources/catboost_models/aml-game-v1
#19 DONE 0.0s

#20 [stage-1 13/18] COPY resources/catboost_models/aml-game-relaxed-v1 ./resources/catboost_models/aml-game-relaxed-v1
#20 DONE 0.1s

#21 [stage-1 14/18] COPY resources/catboost_models/aml-game-attributes-v1 ./resources/catboost_models/aml-game-attributes-v1
#21 DONE 0.0s

#22 [stage-1 15/18] COPY resources/catboost_models/aml-game-attribute-context-v1 ./resources/catboost_models/aml-game-attribute-context-v1
#22 DONE 0.0s

#23 [stage-1 16/18] COPY resources/catboost_models/aml-game-organizer-settings-v1 ./resources/catboost_models/aml-game-organizer-settings-v1
#23 DONE 0.0s

#24 [stage-1 17/18] COPY resources/catboost_models/aml-game-attribute-context-unlimited-v1 ./resources/catboost_models/aml-game-attribute-context-unlimited-v1
#24 DONE 0.0s

#25 [stage-1 18/18] RUN useradd --create-home --uid 10001 app     && mkdir -p /home/app/nicegui     && chown app:app /home/app/nicegui     && chmod 700 /home/app/nicegui     && chown -R root:root /app     && chmod -R a-w /app
#25 DONE 1.0s

#26 exporting to image
#26 exporting layers
#26 exporting layers 1.4s done
#26 exporting manifest sha256:3bfa33783774a1766ac0dce8db12f00a171d9076b31fdc79a076debe85491d66 0.0s done
#26 exporting config sha256:074ed500fc48ad33e8e55c9321dd7417f2675439bd081fb96e03564af8bf80be done
#26 exporting attestation manifest sha256:3f1eb8f2e0ff96a92d864058c44435515480eab026bbffefd4906b7a90bd1b69 0.0s done
#26 exporting manifest list sha256:a9a792b0dc963a3b744e3edb8fb976030e476b2b862ad144a4f3807d05dc56b7 done
#26 naming to docker.io/library/aml-runtime:20260920 done
#26 unpacking to docker.io/library/aml-runtime:20260920
#26 unpacking to docker.io/library/aml-runtime:20260920 0.7s done
#26 DONE 2.3s
