
 Network aml-release-20260920_default Creating 
 Volume aml-release-20260920_postgres_data Creating 
 Volume aml-release-20260920_nicegui_data Creating 
 Volume aml-release-20260920_nicegui_data Creating 
 Volume aml-release-20260920_postgres_data Creating 
 Network aml-release-20260920_default Creating 
 Volume aml-release-20260920_postgres_data Created 
 Volume aml-release-20260920_postgres_data Created 
 Volume aml-release-20260920_nicegui_data Created 
 Volume aml-release-20260920_nicegui_data Created 
 Network aml-release-20260920_default Created 
 Network aml-release-20260920_default Created 
 Container aml-release-20260920-db-1 Creating 
 Container aml-release-20260920-db-1 Created 
 Container aml-release-20260920-api-1 Creating 
 Container aml-release-20260920-api-1 Created 
 Container aml-release-20260920-ui-1 Creating 
 Container aml-release-20260920-ui-1 Created 
 Container aml-release-20260920-db-1 Starting 
 Container aml-release-20260920-db-1 Started 
 Container aml-release-20260920-db-1 Waiting 
 Container aml-release-20260920-db-1 Healthy 
 Container aml-release-20260920-api-1 Starting 
 Container aml-release-20260920-api-1 Started 
 Container aml-release-20260920-api-1 Waiting 
 Container aml-release-20260920-api-1 Healthy 
 Container aml-release-20260920-ui-1 Starting 
 Container aml-release-20260920-ui-1 Started 
 Container aml-release-20260920-db-1 Waiting 
 Container aml-release-20260920-api-1 Waiting 
 Container aml-release-20260920-ui-1 Waiting 
 Container aml-release-20260920-api-1 Healthy 
 Container aml-release-20260920-db-1 Healthy 
 Container aml-release-20260920-ui-1 Healthy 
