{
  "python": "3.13.15",
  "catboost": "1.2.10",
  "dataset_checksums_verified": {
    "base-config.json": true,
    "feature-schema.json": true,
    "features.csv": true,
    "groups.json": true,
    "manifest.json": true,
    "pairs.json": true,
    "protocol.json": true,
    "rubric.json": true,
    "scenarios.jsonl": true,
    "split.csv": true
  },
  "fixture_sha256": "91875715593b7d494dd8cd85fee679f84fba5f0a823a63d00a0923fdd5241129",
  "model_sha256": "b81c55805d1892bba4f6a1f85968811345466399abf56fb9c1093b453a0df77b",
  "matrix_cases": 79,
  "matrix_accepted": 37,
  "profile_text_features_unchanged": true,
  "concentration_pair": {
    "before": 1.0,
    "after": 0.6400000000000001,
    "recipients_before": 1,
    "recipients_after": 1,
    "changed": "One 80000 transfer replaced by 80000 cash withdrawal; sole remaining recipient unchanged",
    "both_goal_valid": true
  },
  "negative_probes": {
    "client_supplied_relationship": "rejected",
    "inapplicable_recipient": "rejected",
    "invalid_channel": "rejected",
    "future_history": "rejected",
    "unknown_history_party": "rejected",
    "purchase_wrong_party": "rejected"
  },
  "strategies_coverage": {
    "history_known": [
      1
    ],
    "history_count": [
      3
    ],
    "history_stable_background": [
      1
    ],
    "source_foreign_bank_kg_count": [
      0
    ],
    "source_crypto_exchange_count": [
      0,
      1
    ],
    "income_basis": [
      "absent",
      "payroll_registry"
    ],
    "night_share": [
      0.0
    ],
    "target_outflow": [
      400000.0
    ]
  },
  "strategies": {
    "target": {
      "n": 15,
      "min": 33.75,
      "max": 49.081,
      "mean": 44.12197999999999,
      "std": 4.29611733812443,
      "quantiles": {
        "p10": 37.34548,
        "p25": 45.0,
        "p50": 45.0,
        "p75": 46.17995,
        "p90": 47.298
      }
    },
    "prediction": {
      "n": 15,
      "min": 33.677474233848656,
      "max": 49.34061108476283,
      "mean": 44.69897579548502,
      "std": 4.500872011696473,
      "quantiles": {
        "p10": 37.943025737440934,
        "p25": 45.18331856634663,
        "p50": 45.764453852499614,
        "p75": 46.77788458133735,
        "p90": 48.055417155376205
      }
    },
    "game": {
      "n": 15,
      "min": 42.58,
      "max": 50.05,
      "mean": 46.72866666666666,
      "std": 2.047427220250386,
      "quantiles": {
        "p10": 43.964,
        "p25": 45.565,
        "p50": 47.11,
        "p75": 47.915,
        "p90": 49.29
      }
    },
    "mae": 0.5875365327831915,
    "max_abs_error": 1.5036589889797654,
    "max_saved_rounding_difference": 0.004669999773021516
  },
  "distributions": {
    "train": {
      "target": {
        "n": 17521,
        "min": 30.4688,
        "max": 100.0,
        "mean": 58.32289103932423,
        "std": 14.429013001104144,
        "quantiles": {
          "p10": 42.75,
          "p25": 45.0,
          "p50": 59.3916,
          "p75": 68.8273,
          "p90": 75.4824
        }
      },
      "prediction": {
        "n": 17521,
        "min": 30.384040017935963,
        "max": 100.0,
        "mean": 58.327020430190245,
        "std": 14.41978975332908,
        "quantiles": {
          "p10": 42.95764659113034,
          "p25": 44.97878108276472,
          "p50": 59.29899916643188,
          "p75": 68.84066049599369,
          "p90": 75.50716661097616
        }
      },
      "mae": 0.11553476488958647,
      "bias": 0.004129390866007663
    },
    "validation": {
      "target": {
        "n": 4381,
        "min": 33.553,
        "max": 100.0,
        "mean": 58.8629289659895,
        "std": 14.773737622033158,
        "quantiles": {
          "p10": 42.7902,
          "p25": 45.0,
          "p50": 60.8398,
          "p75": 69.2853,
          "p90": 77.2383
        }
      },
      "prediction": {
        "n": 4381,
        "min": 33.42472738391845,
        "max": 100.0,
        "mean": 58.880608543324136,
        "std": 14.751023527032922,
        "quantiles": {
          "p10": 43.14209926971793,
          "p25": 44.98912649373584,
          "p50": 60.87297831081139,
          "p75": 69.30342441292373,
          "p90": 77.26903878839458
        }
      },
      "mae": 0.21148546391385578,
      "bias": 0.01767957733462998
    },
    "test": {
      "target": {
        "n": 4413,
        "min": 30.4688,
        "max": 100.0,
        "mean": 58.32921855880354,
        "std": 14.741193310949868,
        "quantiles": {
          "p10": 42.75,
          "p25": 45.0,
          "p50": 59.0645,
          "p75": 69.0815,
          "p90": 76.06316000000001
        }
      },
      "prediction": {
        "n": 4413,
        "min": 31.12154586067951,
        "max": 100.0,
        "mean": 58.34158390364585,
        "std": 14.724356206547645,
        "quantiles": {
          "p10": 42.800548346467245,
          "p25": 44.969384826683566,
          "p50": 58.940176555775366,
          "p75": 69.05503802810398,
          "p90": 76.00113647009293
        }
      },
      "mae": 0.20318155139435284,
      "bias": 0.01236534484230482
    }
  }
}
