AUD-03 training environment provenance regression evidence, 2026-09-16

Interpreter: C:\Users\bigze\Documents\GH\AMLautosim\.venv\Scripts\python.exe
PYTHONUTF8=1

RED (before production changes):
python -m pytest tests/unit/test_training_environment.py -q --tb=short
10 failed, 2 warnings in 0.88s; exit 1.
Both actual train prefixes failed with missing PATH python; hostile PATH freeze
lacked active executable/prefix; empty/incomplete inventories were accepted;
controlled inventory did not produce expected active distribution requirements.

Additional RED (validation cases before their implementation):
10 failed, 6 passed, 2 warnings in 1.34s; exit 1.
Six new cases reproduced acceptance of conflicting versions or empty versions
and AttributeError for missing distribution names (both training prefixes).
Four prior cases detected line ordering inconsistent with deterministic output.

GREEN (after implementation; before formatting-only cleanup):
python -m pytest tests/unit/test_training_environment.py tests/ml/test_behavior_model.py tests/ml/test_catboost_pipeline.py -q --tb=short
29 passed, 2 warnings in 1.20s; exit 0.
Warnings: existing Starlette/httpx and AnyIO deprecated imports in conftest.

Active-environment probe:
python=3.13.15
platform=Windows-11-10.0.26200-SP0
prefix=C:\Users\bigze\Documents\GH\AMLautosim\.venv
catboost=1.2.10, numpy=2.5.3, pandas=3.0.5
82 normalized distribution lines
importlib.util.find_spec('pip') is None

Tests execute real training prefixes through environment.json writing in pytest
temporary directories, then deliberately stop. Dataset loading/audits are
fixtures. Fit/model/Pool construction are forbidden. No training or historical
artifact modification. Both missing and hostile PATH-selected subprocess cases
are covered. Invalid metadata fails before creation of output or its parents.

ruff check: all checks passed.

Final verification after formatting:
Same targeted pytest command: 29 passed, 2 warnings in 1.20s; exit 0.
ruff check: all checks passed; ruff format --check: 4 files already formatted.
git diff --check for the four owned source/test paths: exit 0.
