UI poll regression verification, 2026-09-16

Environment: repository .venv/Scripts/python.exe; PYTHONUTF8=1.
Transport is an in-memory API double with asyncio.Event barriers; GameEditor
is the production class. No network or database is used by these unit cases.

RED, before production edit:
python -m pytest tests/unit/test_game_poll_races.py -q
4 failed, 1 passed, 2 warnings in 0.32s
- older_cards_response_cannot_replace_newer_round: state round 1 != 2
- cards_response_cannot_roll_back_completed_save: revision 1 != 2,
  amount 100.00 != 150.00
- failed_round_cards_fetch_keeps_previous_snapshot_and_draft: draft/pending
  cleared, key changed to round 2 despite failed cards request
- round_transition_is_not_visible_while_cards_are_loading: key [2, 1] != [1, 1]
- edit_during_cards_fetch_is_preserved_with_revision_conflict: passed (existing
  dirty-edit/conflict behavior retained by the fix)

GREEN, after production edit:
python -m pytest tests/unit/test_game_poll_races.py tests/unit/test_counterparty_ui.py tests/unit/test_timeline_ui.py -q
7 passed, 2 warnings in 0.83s

Warnings on both runs: existing Starlette/httpx test client and anyio
BlockingPortal deprecations from tests/conftest.py imports.

git diff --check -- src/aml_workshop_simulator/ui/nicegui/game.py tests/unit/test_game_poll_races.py
Exit 0; Git warns LF will be replaced by CRLF on its next touch of game.py.
