Participant after failure: task_alt
Сценарий принят
Теперь очередь организатора — ждём запуска оценки.
check_circle
Отправлен
hourglass_top
Оценка
bar_chart
Результат
sync
Обновлять страницу не нужно
After failure: 0 results, 2 submitted chains
Admin controls: AML Практикум
Новая игра
Организатор
Об игре
menu_book
logout
Панель организатора
Ошибка расчёта. Приём закрыт; скоринг можно повторить.
Повторить скоринг
Новая игра
ИГРА
УЧАСТНИКИ
РЕЗУЛЬТАТЫ
АУДИТ
Модель: aml-game:sha256:eb686e2fede5f010f8e87f70785d600d477e508cabb72b154013e05b4200232b
Наёмный сотрудник
Зарплата и переводы от знакомых; повседневные покупки. Другие доходы неизвестны.
История: 14.08.2026 — до 13.09.2026 · до игры, не входит в цель
Поступления
105 000,50 ₽
Списания
3 500,25 ₽
Стороны операций
Сторона	Тип	Сведения	Описание
Алексей	Физическое лицо	Сведения доступны	Личный знакомый
Борис	Физическое лицо	Сведения доступны	Личный зна
Retry restored participant result automatically

