ADMIN AML Практикум
Мастер-класс AML
Организатор
Об игре
menu_book
logout
Панель организатора
Ожидаем начала игры
Начать игру
Новая игра
ИГРА
УЧАСТНИКИ
РЕЗУЛЬТАТЫ
АУДИТ
Название игры
Начальные ресурсы
Начальный баланс
Начальная энергия
Начальное время
Цель и шаги
Цель исходящих операций
Максимум шагов
Ограничения за раунд
Повторения одной операции
Наличные операции
Покупки за раунд
Лимиты операций
Получить зарплату
Минимальная сумма
Максимальная сумма
Максимум использований
Получить входящий перевод
Минимальная сумма
Максимальная сумма
Максимум использований
Перевести по карте
Минимальная сумма
Максимальная сумма
Максимум использований
Снять наличные
Минимальная сумма
Максимальная сумма
Максимум использований
Оплатить товары или услуги
Минимальная сумма
Максимальная сумма
Максимум использований
Профиль и предыстория
keyboard_arrow_down
Роль клиента
Доступные сведения о клиенте
Общие сведения для всех участников. После старта изменить их нельзя.
Период: 30 дней до начала сценария; момент нача
PLAYER AML Практикум
Мастер-класс AML
Проверка участника
Об игре
menu_book
logout
hourglass_top
Ожидаем начала игры
Экран обновится автоматически, когда организатор начнёт игру.

