
Traceback (most recent call last):
  File "C:\Users\bigze\Documents\GH\AMLautosim-worktrees\aml-probability-v1\.local-run\predeploy-2026-09-20\browser_start.py", line 18, in <module>
    page.get_by_text("Ожидаем начала игры",exact=True).wait_for()
    ~~~~~~~~~~~~~~~~~~~~~~~~~~~~~~~~~~~~~~~~~~~~~~~~~~~~~~~~~~~^^
  File "C:\Users\bigze\Documents\GH\AMLautosim-worktrees\aml-probability-v1\.local-run\ui-review-deps\playwright\sync_api\_generated.py", line 20696, in wait_for
    self._sync(
    ~~~~~~~~~~^
        self._impl_obj.wait_for(timeout=to_milliseconds(timeout), state=state)
        ^^^^^^^^^^^^^^^^^^^^^^^^^^^^^^^^^^^^^^^^^^^^^^^^^^^^^^^^^^^^^^^^^^^^^^
    )
    ^
  File "C:\Users\bigze\Documents\GH\AMLautosim-worktrees\aml-probability-v1\.local-run\ui-review-deps\playwright\_impl\_sync_base.py", line 115, in _sync
    return task.result()
           ~~~~~~~~~~~^^
  File "C:\Users\bigze\Documents\GH\AMLautosim-worktrees\aml-probability-v1\.local-run\ui-review-deps\playwright\_impl\_locator.py", line 752, in wait_for
    await self._frame.wait_for_selector(
        self._selector, strict=True, timeout=timeout, state=state
    )
  File "C:\Users\bigze\Documents\GH\AMLautosim-worktrees\aml-probability-v1\.local-run\ui-review-deps\playwright\_impl\_frame.py", line 395, in wait_for_selector
    await self._channel.send(
        "waitForSelector", self._timeout, locals_to_params(locals())
    )
  File "C:\Users\bigze\Documents\GH\AMLautosim-worktrees\aml-probability-v1\.local-run\ui-review-deps\playwright\_impl\_connection.py", line 76, in send
    return await self._connection.wrap_api_call(
           ^^^^^^^^^^^^^^^^^^^^^^^^^^^^^^^^^^^^^
    ...<3 lines>...
    )
    ^
  File "C:\Users\bigze\Documents\GH\AMLautosim-worktrees\aml-probability-v1\.local-run\ui-review-deps\playwright\_impl\_connection.py", line 632, in wrap_api_call
    raise rewrite_error(error, f"{parsed_st['apiName']}: {error}") from None
playwright._impl._errors.Error: Locator.wait_for: Error: strict mode violation: get_by_text("Ожидаем начала игры", exact=True) resolved to 2 elements:
    1) <div id="c11" class="header-game-status hidden">Ожидаем начала игры</div> aka get_by_text("Ожидаем начала игры").first
    2) <div id="c32" class="text-2xl font-semibold">Ожидаем начала игры</div> aka get_by_text("Ожидаем начала игры").nth(1)

Call log:
  - waiting for get_by_text("Ожидаем начала игры", exact=True) to be visible

