Mobile game tab AML Практикум
Новая игра
Организатор
Об игре
menu_book
logout
Панель организатора
Ожидаем начала игры
Начать игру
Новая игра
ИГРА
УЧАСТНИКИ
РЕЗУЛЬТАТЫ
АУДИТ
chevron_right
Название игры
Начальные ресурсы
Начальный баланс
Начальная энергия
Начальное время
Цель и шаги
Цель исходящих операций
Максимум шагов
Ограничения за раунд
Повторения одной операции
Наличные операции
Покупки за раунд
Лимиты операций
Получить зарплату
Минимальная сумма
Максимальная сумма
Максимум использований
Получить входящий перевод
Минимальная сумма
Максимальная сумма
Максимум использований
Перевести по карте
Минимальная сумма
Максимальная сумма
Максимум использований
Снять наличные
Минимальная сумма
Максимальная сумма
Максимум использований
Оплатить товары или услуги
Минимальная сумма
Максимальная сумма
Максимум использований
Профиль и предыстория
keyboard_arrow_down
Роль клиента
Доступные сведения о клиенте
Общие сведения для всех участников. После старта изменить их нельзя.
Период: 30 дней до начала сценария; момент начала не включается.
История доступна
Дата и время с часовым смещением
Операция в истории
Зарплата
arrow_drop_down
Сумма в истории
Сторона в истории
Работодатель
arrow_drop_down
УДАЛИТЬ СОБЫТИЕ
Дата и время с часовым смещением
Операция в истории
Входящий перевод
arrow_drop_down
Сумма в истории
Сторона в истории
Алексей
arrow_drop_down
УДАЛИТЬ СОБЫТИЕ
Дата и время с часовым смещением
Операция в истории
Покупка
arrow_drop_down
Сумма в истории
Сторона в истории
Магазин
arrow_drop_down
УДАЛИТЬ СОБЫТИЕ
ДОБАВИТЬ СОБЫТИЕ ИСТОРИИ
Сохранить настройки
Загрузить актуальные
Базовые настройки
Admin save error ['Изменены параметры, не совместимые с контрактом классификатора.', '']

