
 Container aml-predeploy-20260920-db-1 Running 
 Volume aml-predeploy-20260920_nicegui_data Creating 
 Container aml-predeploy-20260920-api-1 Creating 
 Volume aml-predeploy-20260920_nicegui_data Creating 
 Volume aml-predeploy-20260920_nicegui_data Created 
 Volume aml-predeploy-20260920_nicegui_data Created 
 Container aml-predeploy-20260920-api-1 Created 
 Container aml-predeploy-20260920-ui-1 Creating 
 Container aml-predeploy-20260920-ui-1 Created 
 Container aml-predeploy-20260920-db-1 Waiting 
 Container aml-predeploy-20260920-db-1 Healthy 
 Container aml-predeploy-20260920-api-1 Starting 
 Container aml-predeploy-20260920-api-1 Started 
 Container aml-predeploy-20260920-api-1 Waiting 
 Container aml-predeploy-20260920-api-1 Healthy 
 Container aml-predeploy-20260920-ui-1 Starting 
 Container aml-predeploy-20260920-ui-1 Started 
 Container aml-predeploy-20260920-api-1 Waiting 
 Container aml-predeploy-20260920-ui-1 Waiting 
 Container aml-predeploy-20260920-db-1 Waiting 
 Container aml-predeploy-20260920-db-1 Healthy 
 Container aml-predeploy-20260920-api-1 Healthy 
 Container aml-predeploy-20260920-ui-1 Healthy 
