#1 [internal] load local bake definitions
#1 reading from stdin 1.16kB 0.0s done
#1 DONE 0.0s

#2 [ui internal] load build definition from Dockerfile
#2 transferring dockerfile: 1.86kB done
#2 DONE 0.0s

#3 [ui internal] load metadata for docker.io/library/python:3.13-slim
#3 DONE 1.7s

#4 [ui internal] load .dockerignore
#4 transferring context: 1.48kB done
#4 DONE 0.0s

#5 [ui builder 1/4] FROM docker.io/library/python:3.13-slim@sha256:8d9d0b8bcf6506481eae4907c18f5e3e7902e629f5f6d684f9e7c32e85e3ddf0
#5 resolve docker.io/library/python:3.13-slim@sha256:8d9d0b8bcf6506481eae4907c18f5e3e7902e629f5f6d684f9e7c32e85e3ddf0 0.0s done
#5 DONE 0.1s

#6 [ui internal] load build context
#6 transferring context: 1.10MB 0.1s done
#6 DONE 0.1s

#5 [ui builder 1/4] FROM docker.io/library/python:3.13-slim@sha256:8d9d0b8bcf6506481eae4907c18f5e3e7902e629f5f6d684f9e7c32e85e3ddf0
#5 sha256:4a43a40b039e72c4176e2fcbb0c08f42be7ff4e6a07722417801c9147b67bfb2 0B / 250B 0.2s
#5 sha256:4a43a40b039e72c4176e2fcbb0c08f42be7ff4e6a07722417801c9147b67bfb2 250B / 250B 0.2s done
#5 sha256:264ba3d8ae19c964ad7ebecdd4379a348cc08c7898b50d08d7884127a78fdb23 0B / 11.91MB 0.3s
#5 sha256:3d9fb74714202c0d9ba7af2ca3e226fec5647f73cefc725b7ff37338bc1b59ec 0B / 1.29MB 0.2s
#5 sha256:6b37362b3da78869050b894b799ad4df04f1f3b52774087db0d81151570244c8 0B / 29.83MB 0.2s
#5 sha256:264ba3d8ae19c964ad7ebecdd4379a348cc08c7898b50d08d7884127a78fdb23 3.15MB / 11.91MB 0.5s
#5 sha256:264ba3d8ae19c964ad7ebecdd4379a348cc08c7898b50d08d7884127a78fdb23 6.29MB / 11.91MB 0.6s
#5 sha256:264ba3d8ae19c964ad7ebecdd4379a348cc08c7898b50d08d7884127a78fdb23 9.44MB / 11.91MB 0.8s
#5 sha256:3d9fb74714202c0d9ba7af2ca3e226fec5647f73cefc725b7ff37338bc1b59ec 1.29MB / 1.29MB 0.6s done
#5 sha256:264ba3d8ae19c964ad7ebecdd4379a348cc08c7898b50d08d7884127a78fdb23 11.91MB / 11.91MB 0.8s done
#5 sha256:6b37362b3da78869050b894b799ad4df04f1f3b52774087db0d81151570244c8 8.39MB / 29.83MB 0.9s
#5 sha256:6b37362b3da78869050b894b799ad4df04f1f3b52774087db0d81151570244c8 10.49MB / 29.83MB 1.1s
#5 sha256:6b37362b3da78869050b894b799ad4df04f1f3b52774087db0d81151570244c8 12.58MB / 29.83MB 1.2s
#5 sha256:6b37362b3da78869050b894b799ad4df04f1f3b52774087db0d81151570244c8 15.73MB / 29.83MB 1.4s
#5 sha256:6b37362b3da78869050b894b799ad4df04f1f3b52774087db0d81151570244c8 17.83MB / 29.83MB 1.5s
#5 sha256:6b37362b3da78869050b894b799ad4df04f1f3b52774087db0d81151570244c8 20.97MB / 29.83MB 1.7s
#5 sha256:6b37362b3da78869050b894b799ad4df04f1f3b52774087db0d81151570244c8 24.12MB / 29.83MB 2.0s
#5 sha256:6b37362b3da78869050b894b799ad4df04f1f3b52774087db0d81151570244c8 26.21MB / 29.83MB 2.1s
#5 sha256:6b37362b3da78869050b894b799ad4df04f1f3b52774087db0d81151570244c8 29.83MB / 29.83MB 2.3s
#5 sha256:6b37362b3da78869050b894b799ad4df04f1f3b52774087db0d81151570244c8 29.83MB / 29.83MB 2.3s done
#5 extracting sha256:6b37362b3da78869050b894b799ad4df04f1f3b52774087db0d81151570244c8
#5 extracting sha256:6b37362b3da78869050b894b799ad4df04f1f3b52774087db0d81151570244c8 0.8s done
#5 DONE 3.1s

#5 [ui builder 1/4] FROM docker.io/library/python:3.13-slim@sha256:8d9d0b8bcf6506481eae4907c18f5e3e7902e629f5f6d684f9e7c32e85e3ddf0
#5 extracting sha256:6b37362b3da78869050b894b799ad4df04f1f3b52774087db0d81151570244c8 0.8s done
#5 extracting sha256:3d9fb74714202c0d9ba7af2ca3e226fec5647f73cefc725b7ff37338bc1b59ec 0.1s done
#5 extracting sha256:264ba3d8ae19c964ad7ebecdd4379a348cc08c7898b50d08d7884127a78fdb23
#5 extracting sha256:264ba3d8ae19c964ad7ebecdd4379a348cc08c7898b50d08d7884127a78fdb23 0.4s done
#5 DONE 3.6s

#5 [api builder 1/4] FROM docker.io/library/python:3.13-slim@sha256:8d9d0b8bcf6506481eae4907c18f5e3e7902e629f5f6d684f9e7c32e85e3ddf0
#5 extracting sha256:264ba3d8ae19c964ad7ebecdd4379a348cc08c7898b50d08d7884127a78fdb23 0.4s done
#5 extracting sha256:4a43a40b039e72c4176e2fcbb0c08f42be7ff4e6a07722417801c9147b67bfb2 0.0s done
#5 DONE 3.6s

#7 [api builder 2/4] WORKDIR /build
#7 ...

#8 [ui stage-1  2/16] WORKDIR /app
#8 DONE 0.2s

#8 [api stage-1  2/16] WORKDIR /app
#8 DONE 0.2s

#7 [ui builder 2/4] WORKDIR /build
#7 DONE 0.2s

#9 [api builder 3/4] COPY requirements.txt ./
#9 DONE 0.0s

#10 [api builder 4/4] RUN pip download --only-binary=:all: --dest /wheels -r requirements.txt
#10 1.669 Collecting Jinja2==3.1.6 (from -r requirements.txt (line 3))
#10 1.908   Downloading jinja2-3.1.6-py3-none-any.whl.metadata (2.9 kB)
#10 1.961 Collecting Mako==1.4.1 (from -r requirements.txt (line 4))
#10 2.005   Downloading mako-1.4.1-py3-none-any.whl.metadata (2.9 kB)
#10 2.083 Collecting MarkupSafe==3.0.3 (from -r requirements.txt (line 5))
#10 2.128   Downloading markupsafe-3.0.3-cp313-cp313-manylinux2014_x86_64.manylinux_2_17_x86_64.manylinux_2_28_x86_64.whl.metadata (2.7 kB)
#10 2.196 Collecting PyYAML==6.0.3 (from -r requirements.txt (line 6))
#10 2.243   Downloading pyyaml-6.0.3-cp313-cp313-manylinux2014_x86_64.manylinux_2_17_x86_64.manylinux_2_28_x86_64.whl.metadata (2.4 kB)
#10 2.298 Collecting Pygments==2.21.0 (from -r requirements.txt (line 7))
#10 2.346   Downloading pygments-2.21.0-py3-none-any.whl.metadata (2.5 kB)
#10 2.627 Collecting SQLAlchemy==2.0.52 (from -r requirements.txt (line 8))
#10 2.674   Downloading sqlalchemy-2.0.52-cp313-cp313-manylinux2014_x86_64.manylinux_2_17_x86_64.manylinux_2_28_x86_64.whl.metadata (9.6 kB)
#10 2.729 Collecting aiofiles==25.1.0 (from -r requirements.txt (line 9))
#10 2.776   Downloading aiofiles-25.1.0-py3-none-any.whl.metadata (6.3 kB)
#10 2.827 Collecting aiohappyeyeballs==2.7.1 (from -r requirements.txt (line 10))
#10 2.873   Downloading aiohappyeyeballs-2.7.1-py3-none-any.whl.metadata (5.9 kB)
#10 3.303 Collecting aiohttp==3.14.3 (from -r requirements.txt (line 11))
#10 3.349   Downloading aiohttp-3.14.3-cp313-cp313-manylinux2014_x86_64.manylinux_2_17_x86_64.manylinux_2_28_x86_64.whl.metadata (8.3 kB)
#10 3.400 Collecting aiosignal==1.4.0 (from -r requirements.txt (line 12))
#10 3.448   Downloading aiosignal-1.4.0-py3-none-any.whl.metadata (3.7 kB)
#10 3.503 Collecting alembic==1.19.1 (from -r requirements.txt (line 13))
#10 3.548   Downloading alembic-1.19.1-py3-none-any.whl.metadata (7.3 kB)
#10 3.595 Collecting annotated-doc==0.0.5 (from -r requirements.txt (line 14))
#10 3.640   Downloading annotated_doc-0.0.5-py3-none-any.whl.metadata (6.5 kB)
#10 3.688 Collecting annotated-types==0.8.0 (from -r requirements.txt (line 15))
#10 3.736   Downloading annotated_types-0.8.0-py3-none-any.whl.metadata (15 kB)
#10 3.790 Collecting anyio==4.15.1 (from -r requirements.txt (line 16))
#10 3.836   Downloading anyio-4.15.1-py3-none-any.whl.metadata (4.7 kB)
#10 3.907 Collecting asyncpg==0.31.0 (from -r requirements.txt (line 17))
#10 3.953   Downloading asyncpg-0.31.0-cp313-cp313-manylinux2014_x86_64.manylinux_2_17_x86_64.manylinux_2_28_x86_64.whl.metadata (4.4 kB)
#10 4.004 Collecting attrs==26.1.0 (from -r requirements.txt (line 18))
#10 4.051   Downloading attrs-26.1.0-py3-none-any.whl.metadata (8.8 kB)
#10 4.123 Collecting bcrypt==3.2.2 (from -r requirements.txt (line 19))
#10 4.171   Downloading bcrypt-3.2.2-cp36-abi3-manylinux_2_17_x86_64.manylinux2014_x86_64.manylinux_2_24_x86_64.whl.metadata (8.3 kB)
#10 4.228 Collecting bidict==0.24.1 (from -r requirements.txt (line 20))
#10 4.277   Downloading bidict-0.24.1-py3-none-any.whl.metadata (8.7 kB)
#10 4.371 Collecting catboost==1.2.10 (from -r requirements.txt (line 21))
#10 4.419   Downloading catboost-1.2.10-cp313-cp313-manylinux2014_x86_64.whl.metadata (1.4 kB)
#10 4.473 Collecting certifi==2026.7.22 (from -r requirements.txt (line 22))
#10 4.520   Downloading certifi-2026.7.22-py3-none-any.whl.metadata (2.5 kB)
#10 4.641 Collecting cffi==2.1.1 (from -r requirements.txt (line 23))
#10 4.694   Downloading cffi-2.1.1-cp313-cp313-manylinux2014_x86_64.manylinux_2_17_x86_64.whl.metadata (2.5 kB)
#10 4.747 Collecting click==8.5.0 (from -r requirements.txt (line 24))
#10 4.793   Downloading click-8.5.0-py3-none-any.whl.metadata (2.6 kB)
#10 4.880 Collecting contourpy==1.4.0 (from -r requirements.txt (line 25))
#10 4.927   Downloading contourpy-1.4.0-cp313-cp313-manylinux_2_27_x86_64.manylinux_2_28_x86_64.whl.metadata (3.8 kB)
#10 4.976 Collecting cycler==0.12.1 (from -r requirements.txt (line 26))
#10 5.022   Downloading cycler-0.12.1-py3-none-any.whl.metadata (3.8 kB)
#10 5.074 Collecting dnspython==2.8.0 (from -r requirements.txt (line 27))
#10 5.120   Downloading dnspython-2.8.0-py3-none-any.whl.metadata (5.7 kB)
#10 5.173 Collecting docutils==0.23 (from -r requirements.txt (line 28))
#10 5.219   Downloading docutils-0.23-py3-none-any.whl.metadata (15 kB)
#10 5.270 Collecting email-validator==2.3.0 (from -r requirements.txt (line 29))
#10 5.317   Downloading email_validator-2.3.0-py3-none-any.whl.metadata (26 kB)
#10 5.391 Collecting fastapi==0.141.1 (from -r requirements.txt (line 30))
#10 5.439   Downloading fastapi-0.141.1-py3-none-any.whl.metadata (27 kB)
#10 5.598 Collecting fonttools==4.65.0 (from -r requirements.txt (line 31))
#10 5.644   Downloading fonttools-4.65.0-cp313-cp313-manylinux2014_x86_64.manylinux_2_17_x86_64.whl.metadata (125 kB)
#10 5.753 Collecting frozenlist==1.8.0 (from -r requirements.txt (line 32))
#10 5.799   Downloading frozenlist-1.8.0-cp313-cp313-manylinux1_x86_64.manylinux_2_28_x86_64.manylinux_2_5_x86_64.whl.metadata (20 kB)
#10 5.852 Collecting graphviz==0.21 (from -r requirements.txt (line 33))
#10 5.898   Downloading graphviz-0.21-py3-none-any.whl.metadata (12 kB)
#10 6.065 Collecting greenlet==3.5.5 (from -r requirements.txt (line 34))
#10 6.111   Downloading greenlet-3.5.5-cp313-cp313-manylinux_2_24_x86_64.manylinux_2_28_x86_64.whl.metadata (3.8 kB)
#10 6.161 Collecting h11==0.16.0 (from -r requirements.txt (line 35))
#10 6.211   Downloading h11-0.16.0-py3-none-any.whl.metadata (8.3 kB)
#10 6.266 Collecting httpcore==1.0.9 (from -r requirements.txt (line 36))
#10 6.311   Downloading httpcore-1.0.9-py3-none-any.whl.metadata (21 kB)
#10 6.376 Collecting httptools==0.8.0 (from -r requirements.txt (line 37))
#10 6.423   Downloading httptools-0.8.0-cp313-cp313-manylinux1_x86_64.manylinux_2_28_x86_64.manylinux_2_5_x86_64.whl.metadata (3.5 kB)
#10 6.475 Collecting httpx==0.28.1 (from -r requirements.txt (line 38))
#10 6.521   Downloading httpx-0.28.1-py3-none-any.whl.metadata (7.1 kB)
#10 6.572 Collecting idna==3.19 (from -r requirements.txt (line 39))
#10 6.618   Downloading idna-3.19-py3-none-any.whl.metadata (9.2 kB)
#10 6.668 Collecting ifaddr==0.2.0 (from -r requirements.txt (line 40))
#10 6.721   Downloading ifaddr-0.2.0-py3-none-any.whl.metadata (4.9 kB)
#10 6.771 Collecting itsdangerous==2.2.0 (from -r requirements.txt (line 41))
#10 6.817   Downloading itsdangerous-2.2.0-py3-none-any.whl.metadata (1.9 kB)
#10 6.910 Collecting kiwisolver==1.5.1 (from -r requirements.txt (line 42))
#10 6.956   Downloading kiwisolver-1.5.1-cp313-cp313-manylinux2014_x86_64.manylinux_2_17_x86_64.whl.metadata (5.2 kB)
#10 7.007 Collecting markdown2==2.5.5 (from -r requirements.txt (line 43))
#10 7.054   Downloading markdown2-2.5.5-py3-none-any.whl.metadata (2.1 kB)
#10 7.193 Collecting matplotlib==3.11.2 (from -r requirements.txt (line 44))
#10 7.238   Downloading matplotlib-3.11.2-cp313-cp313-manylinux2014_x86_64.manylinux_2_17_x86_64.whl.metadata (80 kB)
#10 7.456 Collecting multidict==6.8.0 (from -r requirements.txt (line 45))
#10 7.503   Downloading multidict-6.8.0-cp313-cp313-manylinux2014_x86_64.manylinux_2_17_x86_64.manylinux_2_28_x86_64.whl.metadata (5.3 kB)
#10 7.569 Collecting narwhals==2.26.0 (from -r requirements.txt (line 46))
#10 7.616   Downloading narwhals-2.26.0-py3-none-any.whl.metadata (15 kB)
#10 7.689 Collecting nicegui==3.16.0 (from -r requirements.txt (line 47))
#10 7.737   Downloading nicegui-3.16.0-py3-none-any.whl.metadata (12 kB)
#10 7.930 Collecting numpy==2.5.3 (from -r requirements.txt (line 48))
#10 7.977   Downloading numpy-2.5.3-cp313-cp313-manylinux_2_27_x86_64.manylinux_2_28_x86_64.whl.metadata (6.6 kB)
#10 8.212 Collecting orjson==3.12.0 (from -r requirements.txt (line 49))
#10 8.259   Downloading orjson-3.12.0-cp313-cp313-manylinux_2_17_x86_64.manylinux2014_x86_64.whl.metadata (41 kB)
#10 8.312 Collecting packaging==26.3 (from -r requirements.txt (line 50))
#10 8.357   Downloading packaging-26.3-py3-none-any.whl.metadata (3.5 kB)
#10 8.490 Collecting pandas==3.0.5 (from -r requirements.txt (line 51))
#10 8.537   Downloading pandas-3.0.5-cp313-cp313-manylinux_2_24_x86_64.manylinux_2_28_x86_64.whl.metadata (79 kB)
#10 8.607 Collecting passlib==1.7.4 (from -r requirements.txt (line 52))
#10 8.654   Downloading passlib-1.7.4-py2.py3-none-any.whl.metadata (1.7 kB)
#10 8.828 Collecting pillow==12.3.0 (from -r requirements.txt (line 53))
#10 8.874   Downloading pillow-12.3.0-cp313-cp313-manylinux_2_27_x86_64.manylinux_2_28_x86_64.whl.metadata (9.1 kB)
#10 8.937 Collecting plotly==7.0.0 (from -r requirements.txt (line 54))
#10 8.983   Downloading plotly-7.0.0-py3-none-any.whl.metadata (8.7 kB)
#10 9.083 Collecting propcache==0.5.2 (from -r requirements.txt (line 55))
#10 9.129   Downloading propcache-0.5.2-cp313-cp313-manylinux2014_x86_64.manylinux_2_17_x86_64.manylinux_2_28_x86_64.whl.metadata (16 kB)
#10 9.180 Collecting pycparser==3.0 (from -r requirements.txt (line 56))
#10 9.228   Downloading pycparser-3.0-py3-none-any.whl.metadata (8.2 kB)
#10 9.279 Collecting pydantic-settings==2.15.0 (from -r requirements.txt (line 57))
#10 9.324   Downloading pydantic_settings-2.15.0-py3-none-any.whl.metadata (3.9 kB)
#10 9.439 Collecting pydantic==2.13.5 (from -r requirements.txt (line 58))
#10 9.486   Downloading pydantic-2.13.5-py3-none-any.whl.metadata (110 kB)
#10 10.12 Collecting pydantic_core==2.46.5 (from -r requirements.txt (line 59))
#10 10.17   Downloading pydantic_core-2.46.5-cp313-cp313-manylinux_2_17_x86_64.manylinux2014_x86_64.whl.metadata (6.6 kB)
#10 10.23 Collecting pyparsing==3.3.2 (from -r requirements.txt (line 60))
#10 10.27   Downloading pyparsing-3.3.2-py3-none-any.whl.metadata (5.8 kB)
#10 10.32 Collecting python-dateutil==2.9.0.post0 (from -r requirements.txt (line 61))
#10 10.37   Downloading python_dateutil-2.9.0.post0-py2.py3-none-any.whl.metadata (8.4 kB)
#10 10.42 Collecting python-dotenv==1.2.3 (from -r requirements.txt (line 62))
#10 10.47   Downloading python_dotenv-1.2.3-py3-none-any.whl.metadata (29 kB)
#10 10.52 Collecting python-engineio==4.14.0 (from -r requirements.txt (line 63))
#10 10.57   Downloading python_engineio-4.14.0-py3-none-any.whl.metadata (2.5 kB)
#10 10.62 Collecting python-multipart==0.0.32 (from -r requirements.txt (line 64))
#10 10.66   Downloading python_multipart-0.0.32-py3-none-any.whl.metadata (2.1 kB)
#10 10.72 Collecting python-socketio==5.16.4 (from -r requirements.txt (line 65))
#10 10.76   Downloading python_socketio-5.16.4-py3-none-any.whl.metadata (3.3 kB)
#10 10.91 Collecting scipy==1.18.1 (from -r requirements.txt (line 66))
#10 10.97   Downloading scipy-1.18.1-cp313-cp313-manylinux_2_27_x86_64.manylinux_2_28_x86_64.whl.metadata (62 kB)
#10 11.05 Collecting simple-websocket==1.1.0 (from -r requirements.txt (line 67))
#10 11.10   Downloading simple_websocket-1.1.0-py3-none-any.whl.metadata (1.5 kB)
#10 11.15 Collecting six==1.17.0 (from -r requirements.txt (line 68))
#10 11.19   Downloading six-1.17.0-py2.py3-none-any.whl.metadata (1.7 kB)
#10 11.25 Collecting starlette==1.6.0 (from -r requirements.txt (line 69))
#10 11.30   Downloading starlette-1.6.0-py3-none-any.whl.metadata (6.4 kB)
#10 11.35 Collecting tinycss2==1.5.1 (from -r requirements.txt (line 70))
#10 11.39   Downloading tinycss2-1.5.1-py3-none-any.whl.metadata (3.0 kB)
#10 11.44 Collecting typing-inspection==0.4.4 (from -r requirements.txt (line 71))
#10 11.49   Downloading typing_inspection-0.4.4-py3-none-any.whl.metadata (2.6 kB)
#10 11.66 Collecting typing_extensions==4.16.0 (from -r requirements.txt (line 72))
#10 11.74   Downloading typing_extensions-4.16.0-py3-none-any.whl.metadata (3.3 kB)
#10 11.80 Collecting uvicorn==0.52.4 (from -r requirements.txt (line 73))
#10 11.85   Downloading uvicorn-0.52.4-py3-none-any.whl.metadata (6.6 kB)
#10 11.91 Collecting uvloop==0.22.1 (from -r requirements.txt (line 74))
#10 11.96   Downloading uvloop-0.22.1-cp313-cp313-manylinux2014_x86_64.manylinux_2_17_x86_64.manylinux_2_28_x86_64.whl.metadata (4.9 kB)
#10 12.05 Collecting watchfiles==1.2.0 (from -r requirements.txt (line 75))
#10 12.10   Downloading watchfiles-1.2.0-cp313-cp313-manylinux_2_17_x86_64.manylinux2014_x86_64.whl.metadata (4.9 kB)
#10 12.15 Collecting webencodings==0.6.1 (from -r requirements.txt (line 76))
#10 12.20   Downloading webencodings-0.6.1-py3-none-any.whl.metadata (3.4 kB)
#10 12.32 Collecting websockets==17.1 (from -r requirements.txt (line 77))
#10 12.37   Downloading websockets-17.1-cp313-cp313-manylinux1_x86_64.manylinux_2_28_x86_64.manylinux_2_5_x86_64.whl.metadata (6.3 kB)
#10 12.42 Collecting wsproto==1.3.2 (from -r requirements.txt (line 78))
#10 12.46   Downloading wsproto-1.3.2-py3-none-any.whl.metadata (5.2 kB)
#10 12.70 Collecting yarl==1.24.5 (from -r requirements.txt (line 79))
#10 12.75   Downloading yarl-1.24.5-cp313-cp313-manylinux2014_x86_64.manylinux_2_17_x86_64.manylinux_2_28_x86_64.whl.metadata (103 kB)
#10 12.89 Downloading jinja2-3.1.6-py3-none-any.whl (134 kB)
#10 12.94 Downloading mako-1.4.1-py3-none-any.whl (80 kB)
#10 12.99 Downloading markupsafe-3.0.3-cp313-cp313-manylinux2014_x86_64.manylinux_2_17_x86_64.manylinux_2_28_x86_64.whl (22 kB)
#10 13.04 Downloading pyyaml-6.0.3-cp313-cp313-manylinux2014_x86_64.manylinux_2_17_x86_64.manylinux_2_28_x86_64.whl (801 kB)
#10 13.10    ━━━━━━━━━━━━━━━━━━━━━━━━━━━━━━━━━━━━━━━━ 801.6/801.6 kB 13.0 MB/s  0:00:00
#10 13.14 Downloading pygments-2.21.0-py3-none-any.whl (1.3 MB)
#10 13.27    ━━━━━━━━━━━━━━━━━━━━━━━━━━━━━━━━━━━━━━━━ 1.3/1.3 MB 8.8 MB/s  0:00:00
#10 13.32 Downloading sqlalchemy-2.0.52-cp313-cp313-manylinux2014_x86_64.manylinux_2_17_x86_64.manylinux_2_28_x86_64.whl (3.3 MB)
#10 13.51    ━━━━━━━━━━━━━━━━━━━━━━━━━━━━━━━━━━━━━━━━ 3.3/3.3 MB 17.0 MB/s  0:00:00
#10 13.56 Downloading aiofiles-25.1.0-py3-none-any.whl (14 kB)
#10 13.61 Downloading aiohappyeyeballs-2.7.1-py3-none-any.whl (15 kB)
#10 13.68 Downloading aiohttp-3.14.3-cp313-cp313-manylinux2014_x86_64.manylinux_2_17_x86_64.manylinux_2_28_x86_64.whl (1.8 MB)
#10 13.82    ━━━━━━━━━━━━━━━━━━━━━━━━━━━━━━━━━━━━━━━━ 1.8/1.8 MB 14.3 MB/s  0:00:00
#10 13.86 Downloading multidict-6.8.0-cp313-cp313-manylinux2014_x86_64.manylinux_2_17_x86_64.manylinux_2_28_x86_64.whl (287 kB)
#10 13.92 Downloading yarl-1.24.5-cp313-cp313-manylinux2014_x86_64.manylinux_2_17_x86_64.manylinux_2_28_x86_64.whl (110 kB)
#10 13.98 Downloading aiosignal-1.4.0-py3-none-any.whl (7.5 kB)
#10 14.03 Downloading alembic-1.19.1-py3-none-any.whl (265 kB)
#10 14.09 Downloading annotated_doc-0.0.5-py3-none-any.whl (5.3 kB)
#10 14.13 Downloading annotated_types-0.8.0-py3-none-any.whl (13 kB)
#10 14.18 Downloading anyio-4.15.1-py3-none-any.whl (132 kB)
#10 14.23 Downloading asyncpg-0.31.0-cp313-cp313-manylinux2014_x86_64.manylinux_2_17_x86_64.manylinux_2_28_x86_64.whl (3.5 MB)
#10 14.37    ━━━━━━━━━━━━━━━━━━━━━━━━━━━━━━━━━━━━━━━━ 3.5/3.5 MB 26.4 MB/s  0:00:00
#10 14.42 Downloading attrs-26.1.0-py3-none-any.whl (67 kB)
#10 14.47 Downloading bcrypt-3.2.2-cp36-abi3-manylinux_2_17_x86_64.manylinux2014_x86_64.manylinux_2_24_x86_64.whl (62 kB)
#10 14.52 Downloading bidict-0.24.1-py3-none-any.whl (36 kB)
#10 14.58 Downloading catboost-1.2.10-cp313-cp313-manylinux2014_x86_64.whl (97.1 MB)
#10 19.55    ━━━━━━━━━━━━━━━━━━━━━━━━━━━━━━━━━━━━━━━━ 97.1/97.1 MB 19.6 MB/s  0:00:04
#10 19.60 Downloading numpy-2.5.3-cp313-cp313-manylinux_2_27_x86_64.manylinux_2_28_x86_64.whl (16.7 MB)
#10 20.53    ━━━━━━━━━━━━━━━━━━━━━━━━━━━━━━━━━━━━━━━━ 16.7/16.7 MB 18.1 MB/s  0:00:00
#10 20.58 Downloading pandas-3.0.5-cp313-cp313-manylinux_2_24_x86_64.manylinux_2_28_x86_64.whl (10.9 MB)
#10 21.08    ━━━━━━━━━━━━━━━━━━━━━━━━━━━━━━━━━━━━━━━━ 10.9/10.9 MB 21.9 MB/s  0:00:00
#10 21.12 Downloading certifi-2026.7.22-py3-none-any.whl (136 kB)
#10 21.18 Downloading cffi-2.1.1-cp313-cp313-manylinux2014_x86_64.manylinux_2_17_x86_64.whl (221 kB)
#10 21.26 Downloading click-8.5.0-py3-none-any.whl (125 kB)
#10 21.32 Downloading contourpy-1.4.0-cp313-cp313-manylinux_2_27_x86_64.manylinux_2_28_x86_64.whl (384 kB)
#10 21.38 Downloading cycler-0.12.1-py3-none-any.whl (8.3 kB)
#10 21.43 Downloading dnspython-2.8.0-py3-none-any.whl (331 kB)
#10 21.51 Downloading docutils-0.23-py3-none-any.whl (634 kB)
#10 21.55    ━━━━━━━━━━━━━━━━━━━━━━━━━━━━━━━━━━━━━━━━ 634.7/634.7 kB 19.1 MB/s  0:00:00
#10 21.59 Downloading email_validator-2.3.0-py3-none-any.whl (35 kB)
#10 21.64 Downloading fastapi-0.141.1-py3-none-any.whl (131 kB)
#10 21.70 Downloading fonttools-4.65.0-cp313-cp313-manylinux2014_x86_64.manylinux_2_17_x86_64.whl (5.4 MB)
#10 22.01    ━━━━━━━━━━━━━━━━━━━━━━━━━━━━━━━━━━━━━━━━ 5.4/5.4 MB 17.2 MB/s  0:00:00
#10 22.05 Downloading frozenlist-1.8.0-cp313-cp313-manylinux1_x86_64.manylinux_2_28_x86_64.manylinux_2_5_x86_64.whl (234 kB)
#10 22.11 Downloading graphviz-0.21-py3-none-any.whl (47 kB)
#10 22.16 Downloading greenlet-3.5.5-cp313-cp313-manylinux_2_24_x86_64.manylinux_2_28_x86_64.whl (623 kB)
#10 22.19    ━━━━━━━━━━━━━━━━━━━━━━━━━━━━━━━━━━━━━━━━ 623.9/623.9 kB 24.7 MB/s  0:00:00
#10 22.23 Downloading h11-0.16.0-py3-none-any.whl (37 kB)
#10 22.28 Downloading httpcore-1.0.9-py3-none-any.whl (78 kB)
#10 22.35 Downloading httptools-0.8.0-cp313-cp313-manylinux1_x86_64.manylinux_2_28_x86_64.manylinux_2_5_x86_64.whl (486 kB)
#10 22.43 Downloading httpx-0.28.1-py3-none-any.whl (73 kB)
#10 22.49 Downloading idna-3.19-py3-none-any.whl (68 kB)
#10 22.55 Downloading ifaddr-0.2.0-py3-none-any.whl (12 kB)
#10 22.60 Downloading itsdangerous-2.2.0-py3-none-any.whl (16 kB)
#10 22.65 Downloading kiwisolver-1.5.1-cp313-cp313-manylinux2014_x86_64.manylinux_2_17_x86_64.whl (1.5 MB)
#10 22.74    ━━━━━━━━━━━━━━━━━━━━━━━━━━━━━━━━━━━━━━━━ 1.5/1.5 MB 16.5 MB/s  0:00:00
#10 22.78 Downloading markdown2-2.5.5-py3-none-any.whl (56 kB)
#10 22.83 Downloading matplotlib-3.11.2-cp313-cp313-manylinux2014_x86_64.manylinux_2_17_x86_64.whl (9.9 MB)
#10 23.46    ━━━━━━━━━━━━━━━━━━━━━━━━━━━━━━━━━━━━━━━━ 9.9/9.9 MB 16.2 MB/s  0:00:00
#10 23.51 Downloading narwhals-2.26.0-py3-none-any.whl (474 kB)
#10 23.59 Downloading nicegui-3.16.0-py3-none-any.whl (8.6 MB)
#10 23.93    ━━━━━━━━━━━━━━━━━━━━━━━━━━━━━━━━━━━━━━━━ 8.6/8.6 MB 25.7 MB/s  0:00:00
#10 23.97 Downloading tinycss2-1.5.1-py3-none-any.whl (28 kB)
#10 24.02 Downloading orjson-3.12.0-cp313-cp313-manylinux_2_17_x86_64.manylinux2014_x86_64.whl (131 kB)
#10 24.08 Downloading packaging-26.3-py3-none-any.whl (129 kB)
#10 24.14 Downloading passlib-1.7.4-py2.py3-none-any.whl (525 kB)
#10 24.16    ━━━━━━━━━━━━━━━━━━━━━━━━━━━━━━━━━━━━━━━━ 525.6/525.6 kB 53.5 MB/s  0:00:00
#10 24.22 Downloading pillow-12.3.0-cp313-cp313-manylinux_2_27_x86_64.manylinux_2_28_x86_64.whl (6.9 MB)
#10 24.48    ━━━━━━━━━━━━━━━━━━━━━━━━━━━━━━━━━━━━━━━━ 6.9/6.9 MB 25.8 MB/s  0:00:00
#10 24.55 Downloading plotly-7.0.0-py3-none-any.whl (9.1 MB)
#10 24.89    ━━━━━━━━━━━━━━━━━━━━━━━━━━━━━━━━━━━━━━━━ 9.1/9.1 MB 27.4 MB/s  0:00:00
#10 24.95 Downloading propcache-0.5.2-cp313-cp313-manylinux2014_x86_64.manylinux_2_17_x86_64.manylinux_2_28_x86_64.whl (61 kB)
#10 25.00 Downloading pycparser-3.0-py3-none-any.whl (48 kB)
#10 25.06 Downloading pydantic_settings-2.15.0-py3-none-any.whl (69 kB)
#10 25.11 Downloading pydantic-2.13.5-py3-none-any.whl (472 kB)
#10 25.20 Downloading pydantic_core-2.46.5-cp313-cp313-manylinux_2_17_x86_64.manylinux2014_x86_64.whl (2.1 MB)
#10 25.30    ━━━━━━━━━━━━━━━━━━━━━━━━━━━━━━━━━━━━━━━━ 2.1/2.1 MB 20.8 MB/s  0:00:00
#10 25.36 Downloading pyparsing-3.3.2-py3-none-any.whl (122 kB)
#10 25.42 Downloading python_dateutil-2.9.0.post0-py2.py3-none-any.whl (229 kB)
#10 25.47 Downloading python_dotenv-1.2.3-py3-none-any.whl (22 kB)
#10 25.54 Downloading python_engineio-4.14.0-py3-none-any.whl (60 kB)
#10 25.60 Downloading python_multipart-0.0.32-py3-none-any.whl (30 kB)
#10 25.65 Downloading python_socketio-5.16.4-py3-none-any.whl (82 kB)
#10 25.70 Downloading scipy-1.18.1-cp313-cp313-manylinux_2_27_x86_64.manylinux_2_28_x86_64.whl (35.3 MB)
#10 27.38    ━━━━━━━━━━━━━━━━━━━━━━━━━━━━━━━━━━━━━━━━ 35.3/35.3 MB 21.0 MB/s  0:00:01
#10 27.45 Downloading simple_websocket-1.1.0-py3-none-any.whl (13 kB)
#10 27.50 Downloading six-1.17.0-py2.py3-none-any.whl (11 kB)
#10 27.56 Downloading starlette-1.6.0-py3-none-any.whl (75 kB)
#10 27.61 Downloading typing_inspection-0.4.4-py3-none-any.whl (14 kB)
#10 27.67 Downloading typing_extensions-4.16.0-py3-none-any.whl (45 kB)
#10 27.76 Downloading uvicorn-0.52.4-py3-none-any.whl (79 kB)
#10 27.81 Downloading uvloop-0.22.1-cp313-cp313-manylinux2014_x86_64.manylinux_2_17_x86_64.manylinux_2_28_x86_64.whl (4.4 MB)
#10 28.06    ━━━━━━━━━━━━━━━━━━━━━━━━━━━━━━━━━━━━━━━━ 4.4/4.4 MB 18.7 MB/s  0:00:00
#10 28.12 Downloading watchfiles-1.2.0-cp313-cp313-manylinux_2_17_x86_64.manylinux2014_x86_64.whl (454 kB)
#10 28.20 Downloading webencodings-0.6.1-py3-none-any.whl (8.7 kB)
#10 28.26 Downloading websockets-17.1-cp313-cp313-manylinux1_x86_64.manylinux_2_28_x86_64.manylinux_2_5_x86_64.whl (224 kB)
#10 28.35 Downloading wsproto-1.3.2-py3-none-any.whl (24 kB)
#10 28.79 Saved /wheels/jinja2-3.1.6-py3-none-any.whl
#10 28.79 Saved /wheels/mako-1.4.1-py3-none-any.whl
#10 28.79 Saved /wheels/markupsafe-3.0.3-cp313-cp313-manylinux2014_x86_64.manylinux_2_17_x86_64.manylinux_2_28_x86_64.whl
#10 28.79 Saved /wheels/pyyaml-6.0.3-cp313-cp313-manylinux2014_x86_64.manylinux_2_17_x86_64.manylinux_2_28_x86_64.whl
#10 28.79 Saved /wheels/pygments-2.21.0-py3-none-any.whl
#10 28.79 Saved /wheels/sqlalchemy-2.0.52-cp313-cp313-manylinux2014_x86_64.manylinux_2_17_x86_64.manylinux_2_28_x86_64.whl
#10 28.79 Saved /wheels/aiofiles-25.1.0-py3-none-any.whl
#10 28.79 Saved /wheels/aiohappyeyeballs-2.7.1-py3-none-any.whl
#10 28.79 Saved /wheels/aiohttp-3.14.3-cp313-cp313-manylinux2014_x86_64.manylinux_2_17_x86_64.manylinux_2_28_x86_64.whl
#10 28.79 Saved /wheels/multidict-6.8.0-cp313-cp313-manylinux2014_x86_64.manylinux_2_17_x86_64.manylinux_2_28_x86_64.whl
#10 28.79 Saved /wheels/yarl-1.24.5-cp313-cp313-manylinux2014_x86_64.manylinux_2_17_x86_64.manylinux_2_28_x86_64.whl
#10 28.80 Saved /wheels/aiosignal-1.4.0-py3-none-any.whl
#10 28.80 Saved /wheels/alembic-1.19.1-py3-none-any.whl
#10 28.80 Saved /wheels/annotated_doc-0.0.5-py3-none-any.whl
#10 28.80 Saved /wheels/annotated_types-0.8.0-py3-none-any.whl
#10 28.80 Saved /wheels/anyio-4.15.1-py3-none-any.whl
#10 28.80 Saved /wheels/asyncpg-0.31.0-cp313-cp313-manylinux2014_x86_64.manylinux_2_17_x86_64.manylinux_2_28_x86_64.whl
#10 28.80 Saved /wheels/attrs-26.1.0-py3-none-any.whl
#10 28.80 Saved /wheels/bcrypt-3.2.2-cp36-abi3-manylinux_2_17_x86_64.manylinux2014_x86_64.manylinux_2_24_x86_64.whl
#10 28.80 Saved /wheels/bidict-0.24.1-py3-none-any.whl
#10 28.86 Saved /wheels/catboost-1.2.10-cp313-cp313-manylinux2014_x86_64.whl
#10 28.88 Saved /wheels/numpy-2.5.3-cp313-cp313-manylinux_2_27_x86_64.manylinux_2_28_x86_64.whl
#10 28.88 Saved /wheels/pandas-3.0.5-cp313-cp313-manylinux_2_24_x86_64.manylinux_2_28_x86_64.whl
#10 28.89 Saved /wheels/certifi-2026.7.22-py3-none-any.whl
#10 28.89 Saved /wheels/cffi-2.1.1-cp313-cp313-manylinux2014_x86_64.manylinux_2_17_x86_64.whl
#10 28.89 Saved /wheels/click-8.5.0-py3-none-any.whl
#10 28.89 Saved /wheels/contourpy-1.4.0-cp313-cp313-manylinux_2_27_x86_64.manylinux_2_28_x86_64.whl
#10 28.89 Saved /wheels/cycler-0.12.1-py3-none-any.whl
#10 28.89 Saved /wheels/dnspython-2.8.0-py3-none-any.whl
#10 28.89 Saved /wheels/docutils-0.23-py3-none-any.whl
#10 28.89 Saved /wheels/email_validator-2.3.0-py3-none-any.whl
#10 28.89 Saved /wheels/fastapi-0.141.1-py3-none-any.whl
#10 28.89 Saved /wheels/fonttools-4.65.0-cp313-cp313-manylinux2014_x86_64.manylinux_2_17_x86_64.whl
#10 28.89 Saved /wheels/frozenlist-1.8.0-cp313-cp313-manylinux1_x86_64.manylinux_2_28_x86_64.manylinux_2_5_x86_64.whl
#10 28.90 Saved /wheels/graphviz-0.21-py3-none-any.whl
#10 28.90 Saved /wheels/greenlet-3.5.5-cp313-cp313-manylinux_2_24_x86_64.manylinux_2_28_x86_64.whl
#10 28.90 Saved /wheels/h11-0.16.0-py3-none-any.whl
#10 28.90 Saved /wheels/httpcore-1.0.9-py3-none-any.whl
#10 28.90 Saved /wheels/httptools-0.8.0-cp313-cp313-manylinux1_x86_64.manylinux_2_28_x86_64.manylinux_2_5_x86_64.whl
#10 28.90 Saved /wheels/httpx-0.28.1-py3-none-any.whl
#10 28.90 Saved /wheels/idna-3.19-py3-none-any.whl
#10 28.90 Saved /wheels/ifaddr-0.2.0-py3-none-any.whl
#10 28.90 Saved /wheels/itsdangerous-2.2.0-py3-none-any.whl
#10 28.90 Saved /wheels/kiwisolver-1.5.1-cp313-cp313-manylinux2014_x86_64.manylinux_2_17_x86_64.whl
#10 28.90 Saved /wheels/markdown2-2.5.5-py3-none-any.whl
#10 28.91 Saved /wheels/matplotlib-3.11.2-cp313-cp313-manylinux2014_x86_64.manylinux_2_17_x86_64.whl
#10 28.91 Saved /wheels/narwhals-2.26.0-py3-none-any.whl
#10 28.92 Saved /wheels/nicegui-3.16.0-py3-none-any.whl
#10 28.92 Saved /wheels/tinycss2-1.5.1-py3-none-any.whl
#10 28.92 Saved /wheels/orjson-3.12.0-cp313-cp313-manylinux_2_17_x86_64.manylinux2014_x86_64.whl
#10 28.92 Saved /wheels/packaging-26.3-py3-none-any.whl
#10 28.92 Saved /wheels/passlib-1.7.4-py2.py3-none-any.whl
#10 28.93 Saved /wheels/pillow-12.3.0-cp313-cp313-manylinux_2_27_x86_64.manylinux_2_28_x86_64.whl
#10 28.93 Saved /wheels/plotly-7.0.0-py3-none-any.whl
#10 28.94 Saved /wheels/propcache-0.5.2-cp313-cp313-manylinux2014_x86_64.manylinux_2_17_x86_64.manylinux_2_28_x86_64.whl
#10 28.94 Saved /wheels/pycparser-3.0-py3-none-any.whl
#10 28.94 Saved /wheels/pydantic_settings-2.15.0-py3-none-any.whl
#10 28.94 Saved /wheels/pydantic-2.13.5-py3-none-any.whl
#10 28.94 Saved /wheels/pydantic_core-2.46.5-cp313-cp313-manylinux_2_17_x86_64.manylinux2014_x86_64.whl
#10 28.94 Saved /wheels/pyparsing-3.3.2-py3-none-any.whl
#10 28.94 Saved /wheels/python_dateutil-2.9.0.post0-py2.py3-none-any.whl
#10 28.94 Saved /wheels/python_dotenv-1.2.3-py3-none-any.whl
#10 28.94 Saved /wheels/python_engineio-4.14.0-py3-none-any.whl
#10 28.94 Saved /wheels/python_multipart-0.0.32-py3-none-any.whl
#10 28.94 Saved /wheels/python_socketio-5.16.4-py3-none-any.whl
#10 28.97 Saved /wheels/scipy-1.18.1-cp313-cp313-manylinux_2_27_x86_64.manylinux_2_28_x86_64.whl
#10 28.97 Saved /wheels/simple_websocket-1.1.0-py3-none-any.whl
#10 28.97 Saved /wheels/six-1.17.0-py2.py3-none-any.whl
#10 28.97 Saved /wheels/starlette-1.6.0-py3-none-any.whl
#10 28.97 Saved /wheels/typing_inspection-0.4.4-py3-none-any.whl
#10 28.97 Saved /wheels/typing_extensions-4.16.0-py3-none-any.whl
#10 28.97 Saved /wheels/uvicorn-0.52.4-py3-none-any.whl
#10 28.98 Saved /wheels/uvloop-0.22.1-cp313-cp313-manylinux2014_x86_64.manylinux_2_17_x86_64.manylinux_2_28_x86_64.whl
#10 28.98 Saved /wheels/watchfiles-1.2.0-cp313-cp313-manylinux_2_17_x86_64.manylinux2014_x86_64.whl
#10 28.98 Saved /wheels/webencodings-0.6.1-py3-none-any.whl
#10 28.98 Saved /wheels/websockets-17.1-cp313-cp313-manylinux1_x86_64.manylinux_2_28_x86_64.manylinux_2_5_x86_64.whl
#10 28.98 Saved /wheels/wsproto-1.3.2-py3-none-any.whl
#10 28.98 Successfully downloaded Jinja2 Mako MarkupSafe PyYAML Pygments SQLAlchemy aiofiles aiohappyeyeballs aiohttp multidict yarl aiosignal alembic annotated-doc annotated-types anyio asyncpg attrs bcrypt bidict catboost numpy pandas certifi cffi click contourpy cycler dnspython docutils email-validator fastapi fonttools frozenlist graphviz greenlet h11 httpcore httptools httpx idna ifaddr itsdangerous kiwisolver markdown2 matplotlib narwhals nicegui tinycss2 orjson packaging passlib pillow plotly propcache pycparser pydantic-settings pydantic pydantic_core pyparsing python-dateutil python-dotenv python-engineio python-multipart python-socketio scipy simple-websocket six starlette typing-inspection typing_extensions uvicorn uvloop watchfiles webencodings websockets wsproto
#10 DONE 29.3s

#10 [api builder 4/4] RUN pip download --only-binary=:all: --dest /wheels -r requirements.txt
#10 DONE 29.3s

#11 [api stage-1  3/16] COPY --from=builder /wheels /wheels
#11 DONE 0.2s

#11 [ui stage-1  3/16] COPY --from=builder /wheels /wheels
#11 DONE 0.2s

#12 [api stage-1  4/16] COPY requirements.txt ./
#12 DONE 0.0s

#13 [ui stage-1  5/16] RUN pip install --no-cache-dir --no-index --find-links=/wheels -r requirements.txt     && rm -rf /wheels
#13 1.230 Looking in links: /wheels
#13 1.238 Processing /wheels/jinja2-3.1.6-py3-none-any.whl (from -r requirements.txt (line 3))
#13 1.244 Processing /wheels/mako-1.4.1-py3-none-any.whl (from -r requirements.txt (line 4))
#13 1.247 Processing /wheels/markupsafe-3.0.3-cp313-cp313-manylinux2014_x86_64.manylinux_2_17_x86_64.manylinux_2_28_x86_64.whl (from -r requirements.txt (line 5))
#13 1.249 Processing /wheels/pyyaml-6.0.3-cp313-cp313-manylinux2014_x86_64.manylinux_2_17_x86_64.manylinux_2_28_x86_64.whl (from -r requirements.txt (line 6))
#13 1.252 Processing /wheels/pygments-2.21.0-py3-none-any.whl (from -r requirements.txt (line 7))
#13 1.257 Processing /wheels/sqlalchemy-2.0.52-cp313-cp313-manylinux2014_x86_64.manylinux_2_17_x86_64.manylinux_2_28_x86_64.whl (from -r requirements.txt (line 8))
#13 1.267 Processing /wheels/aiofiles-25.1.0-py3-none-any.whl (from -r requirements.txt (line 9))
#13 1.270 Processing /wheels/aiohappyeyeballs-2.7.1-py3-none-any.whl (from -r requirements.txt (line 10))
#13 1.272 Processing /wheels/aiohttp-3.14.3-cp313-cp313-manylinux2014_x86_64.manylinux_2_17_x86_64.manylinux_2_28_x86_64.whl (from -r requirements.txt (line 11))
#13 1.278 Processing /wheels/aiosignal-1.4.0-py3-none-any.whl (from -r requirements.txt (line 12))
#13 1.281 Processing /wheels/alembic-1.19.1-py3-none-any.whl (from -r requirements.txt (line 13))
#13 1.284 Processing /wheels/annotated_doc-0.0.5-py3-none-any.whl (from -r requirements.txt (line 14))
#13 1.287 Processing /wheels/annotated_types-0.8.0-py3-none-any.whl (from -r requirements.txt (line 15))
#13 1.289 Processing /wheels/anyio-4.15.1-py3-none-any.whl (from -r requirements.txt (line 16))
#13 1.292 Processing /wheels/asyncpg-0.31.0-cp313-cp313-manylinux2014_x86_64.manylinux_2_17_x86_64.manylinux_2_28_x86_64.whl (from -r requirements.txt (line 17))
#13 1.298 Processing /wheels/attrs-26.1.0-py3-none-any.whl (from -r requirements.txt (line 18))
#13 1.300 Processing /wheels/bcrypt-3.2.2-cp36-abi3-manylinux_2_17_x86_64.manylinux2014_x86_64.manylinux_2_24_x86_64.whl (from -r requirements.txt (line 19))
#13 1.304 Processing /wheels/bidict-0.24.1-py3-none-any.whl (from -r requirements.txt (line 20))
#13 1.307 Processing /wheels/catboost-1.2.10-cp313-cp313-manylinux2014_x86_64.whl (from -r requirements.txt (line 21))
#13 1.382 Processing /wheels/certifi-2026.7.22-py3-none-any.whl (from -r requirements.txt (line 22))
#13 1.384 Processing /wheels/cffi-2.1.1-cp313-cp313-manylinux2014_x86_64.manylinux_2_17_x86_64.whl (from -r requirements.txt (line 23))
#13 1.387 Processing /wheels/click-8.5.0-py3-none-any.whl (from -r requirements.txt (line 24))
#13 1.389 Processing /wheels/contourpy-1.4.0-cp313-cp313-manylinux_2_27_x86_64.manylinux_2_28_x86_64.whl (from -r requirements.txt (line 25))
#13 1.394 Processing /wheels/cycler-0.12.1-py3-none-any.whl (from -r requirements.txt (line 26))
#13 1.397 Processing /wheels/dnspython-2.8.0-py3-none-any.whl (from -r requirements.txt (line 27))
#13 1.401 Processing /wheels/docutils-0.23-py3-none-any.whl (from -r requirements.txt (line 28))
#13 1.405 Processing /wheels/email_validator-2.3.0-py3-none-any.whl (from -r requirements.txt (line 29))
#13 1.409 Processing /wheels/fastapi-0.141.1-py3-none-any.whl (from -r requirements.txt (line 30))
#13 1.414 Processing /wheels/fonttools-4.65.0-cp313-cp313-manylinux2014_x86_64.manylinux_2_17_x86_64.whl (from -r requirements.txt (line 31))
#13 1.429 Processing /wheels/frozenlist-1.8.0-cp313-cp313-manylinux1_x86_64.manylinux_2_28_x86_64.manylinux_2_5_x86_64.whl (from -r requirements.txt (line 32))
#13 1.432 Processing /wheels/graphviz-0.21-py3-none-any.whl (from -r requirements.txt (line 33))
#13 1.435 Processing /wheels/greenlet-3.5.5-cp313-cp313-manylinux_2_24_x86_64.manylinux_2_28_x86_64.whl (from -r requirements.txt (line 34))
#13 1.438 Processing /wheels/h11-0.16.0-py3-none-any.whl (from -r requirements.txt (line 35))
#13 1.441 Processing /wheels/httpcore-1.0.9-py3-none-any.whl (from -r requirements.txt (line 36))
#13 1.445 Processing /wheels/httptools-0.8.0-cp313-cp313-manylinux1_x86_64.manylinux_2_28_x86_64.manylinux_2_5_x86_64.whl (from -r requirements.txt (line 37))
#13 1.448 Processing /wheels/httpx-0.28.1-py3-none-any.whl (from -r requirements.txt (line 38))
#13 1.451 Processing /wheels/idna-3.19-py3-none-any.whl (from -r requirements.txt (line 39))
#13 1.453 Processing /wheels/ifaddr-0.2.0-py3-none-any.whl (from -r requirements.txt (line 40))
#13 1.455 Processing /wheels/itsdangerous-2.2.0-py3-none-any.whl (from -r requirements.txt (line 41))
#13 1.457 Processing /wheels/kiwisolver-1.5.1-cp313-cp313-manylinux2014_x86_64.manylinux_2_17_x86_64.whl (from -r requirements.txt (line 42))
#13 1.462 Processing /wheels/markdown2-2.5.5-py3-none-any.whl (from -r requirements.txt (line 43))
#13 1.464 Processing /wheels/matplotlib-3.11.2-cp313-cp313-manylinux2014_x86_64.manylinux_2_17_x86_64.whl (from -r requirements.txt (line 44))
#13 1.485 Processing /wheels/multidict-6.8.0-cp313-cp313-manylinux2014_x86_64.manylinux_2_17_x86_64.manylinux_2_28_x86_64.whl (from -r requirements.txt (line 45))
#13 1.488 Processing /wheels/narwhals-2.26.0-py3-none-any.whl (from -r requirements.txt (line 46))
#13 1.493 Processing /wheels/nicegui-3.16.0-py3-none-any.whl (from -r requirements.txt (line 47))
#13 1.506 Processing /wheels/numpy-2.5.3-cp313-cp313-manylinux_2_27_x86_64.manylinux_2_28_x86_64.whl (from -r requirements.txt (line 48))
#13 1.525 Processing /wheels/orjson-3.12.0-cp313-cp313-manylinux_2_17_x86_64.manylinux2014_x86_64.whl (from -r requirements.txt (line 49))
#13 1.529 Processing /wheels/packaging-26.3-py3-none-any.whl (from -r requirements.txt (line 50))
#13 1.531 Processing /wheels/pandas-3.0.5-cp313-cp313-manylinux_2_24_x86_64.manylinux_2_28_x86_64.whl (from -r requirements.txt (line 51))
#13 1.561 Processing /wheels/passlib-1.7.4-py2.py3-none-any.whl (from -r requirements.txt (line 52))
#13 1.565 Processing /wheels/pillow-12.3.0-cp313-cp313-manylinux_2_27_x86_64.manylinux_2_28_x86_64.whl (from -r requirements.txt (line 53))
#13 1.574 Processing /wheels/plotly-7.0.0-py3-none-any.whl (from -r requirements.txt (line 54))
#13 1.593 Processing /wheels/propcache-0.5.2-cp313-cp313-manylinux2014_x86_64.manylinux_2_17_x86_64.manylinux_2_28_x86_64.whl (from -r requirements.txt (line 55))
#13 1.596 Processing /wheels/pycparser-3.0-py3-none-any.whl (from -r requirements.txt (line 56))
#13 1.598 Processing /wheels/pydantic_settings-2.15.0-py3-none-any.whl (from -r requirements.txt (line 57))
#13 1.601 Processing /wheels/pydantic-2.13.5-py3-none-any.whl (from -r requirements.txt (line 58))
#13 1.608 Processing /wheels/pydantic_core-2.46.5-cp313-cp313-manylinux_2_17_x86_64.manylinux2014_x86_64.whl (from -r requirements.txt (line 59))
#13 1.612 Processing /wheels/pyparsing-3.3.2-py3-none-any.whl (from -r requirements.txt (line 60))
#13 1.615 Processing /wheels/python_dateutil-2.9.0.post0-py2.py3-none-any.whl (from -r requirements.txt (line 61))
#13 1.618 Processing /wheels/python_dotenv-1.2.3-py3-none-any.whl (from -r requirements.txt (line 62))
#13 1.621 Processing /wheels/python_engineio-4.14.0-py3-none-any.whl (from -r requirements.txt (line 63))
#13 1.623 Processing /wheels/python_multipart-0.0.32-py3-none-any.whl (from -r requirements.txt (line 64))
#13 1.626 Processing /wheels/python_socketio-5.16.4-py3-none-any.whl (from -r requirements.txt (line 65))
#13 1.628 Processing /wheels/scipy-1.18.1-cp313-cp313-manylinux_2_27_x86_64.manylinux_2_28_x86_64.whl (from -r requirements.txt (line 66))
#13 1.667 Processing /wheels/simple_websocket-1.1.0-py3-none-any.whl (from -r requirements.txt (line 67))
#13 1.669 Processing /wheels/six-1.17.0-py2.py3-none-any.whl (from -r requirements.txt (line 68))
#13 1.671 Processing /wheels/starlette-1.6.0-py3-none-any.whl (from -r requirements.txt (line 69))
#13 1.673 Processing /wheels/tinycss2-1.5.1-py3-none-any.whl (from -r requirements.txt (line 70))
#13 1.676 Processing /wheels/typing_inspection-0.4.4-py3-none-any.whl (from -r requirements.txt (line 71))
#13 1.678 Processing /wheels/typing_extensions-4.16.0-py3-none-any.whl (from -r requirements.txt (line 72))
#13 1.680 Processing /wheels/uvicorn-0.52.4-py3-none-any.whl (from -r requirements.txt (line 73))
#13 1.683 Processing /wheels/uvloop-0.22.1-cp313-cp313-manylinux2014_x86_64.manylinux_2_17_x86_64.manylinux_2_28_x86_64.whl (from -r requirements.txt (line 74))
#13 1.689 Processing /wheels/watchfiles-1.2.0-cp313-cp313-manylinux_2_17_x86_64.manylinux2014_x86_64.whl (from -r requirements.txt (line 75))
#13 1.693 Processing /wheels/webencodings-0.6.1-py3-none-any.whl (from -r requirements.txt (line 76))
#13 1.696 Processing /wheels/websockets-17.1-cp313-cp313-manylinux1_x86_64.manylinux_2_28_x86_64.manylinux_2_5_x86_64.whl (from -r requirements.txt (line 77))
#13 1.699 Processing /wheels/wsproto-1.3.2-py3-none-any.whl (from -r requirements.txt (line 78))
#13 1.701 Processing /wheels/yarl-1.24.5-cp313-cp313-manylinux2014_x86_64.manylinux_2_17_x86_64.manylinux_2_28_x86_64.whl (from -r requirements.txt (line 79))
#13 1.993 Installing collected packages: passlib, ifaddr, websockets, webencodings, uvloop, typing_extensions, six, PyYAML, python-multipart, python-dotenv, pyparsing, Pygments, pycparser, propcache, pillow, packaging, orjson, numpy, narwhals, multidict, MarkupSafe, markdown2, kiwisolver, itsdangerous, idna, httptools, h11, greenlet, graphviz, frozenlist, fonttools, docutils, dnspython, cycler, click, certifi, bidict, attrs, asyncpg, annotated-types, annotated-doc, aiohappyeyeballs, aiofiles, yarl, wsproto, uvicorn, typing-inspection, tinycss2, SQLAlchemy, scipy, python-dateutil, pydantic_core, plotly, Mako, Jinja2, httpcore, email-validator, contourpy, cffi, anyio, aiosignal, watchfiles, starlette, simple-websocket, pydantic, pandas, matplotlib, httpx, bcrypt, alembic, aiohttp, python-engineio, pydantic-settings, fastapi, catboost, python-socketio, nicegui
#13 23.23 
#13 23.24 Successfully installed Jinja2-3.1.6 Mako-1.4.1 MarkupSafe-3.0.3 PyYAML-6.0.3 Pygments-2.21.0 SQLAlchemy-2.0.52 aiofiles-25.1.0 aiohappyeyeballs-2.7.1 aiohttp-3.14.3 aiosignal-1.4.0 alembic-1.19.1 annotated-doc-0.0.5 annotated-types-0.8.0 anyio-4.15.1 asyncpg-0.31.0 attrs-26.1.0 bcrypt-3.2.2 bidict-0.24.1 catboost-1.2.10 certifi-2026.7.22 cffi-2.1.1 click-8.5.0 contourpy-1.4.0 cycler-0.12.1 dnspython-2.8.0 docutils-0.23 email-validator-2.3.0 fastapi-0.141.1 fonttools-4.65.0 frozenlist-1.8.0 graphviz-0.21 greenlet-3.5.5 h11-0.16.0 httpcore-1.0.9 httptools-0.8.0 httpx-0.28.1 idna-3.19 ifaddr-0.2.0 itsdangerous-2.2.0 kiwisolver-1.5.1 markdown2-2.5.5 matplotlib-3.11.2 multidict-6.8.0 narwhals-2.26.0 nicegui-3.16.0 numpy-2.5.3 orjson-3.12.0 packaging-26.3 pandas-3.0.5 passlib-1.7.4 pillow-12.3.0 plotly-7.0.0 propcache-0.5.2 pycparser-3.0 pydantic-2.13.5 pydantic-settings-2.15.0 pydantic_core-2.46.5 pyparsing-3.3.2 python-dateutil-2.9.0.post0 python-dotenv-1.2.3 python-engineio-4.14.0 python-multipart-0.0.32 python-socketio-5.16.4 scipy-1.18.1 simple-websocket-1.1.0 six-1.17.0 starlette-1.6.0 tinycss2-1.5.1 typing-inspection-0.4.4 typing_extensions-4.16.0 uvicorn-0.52.4 uvloop-0.22.1 watchfiles-1.2.0 webencodings-0.6.1 websockets-17.1 wsproto-1.3.2 yarl-1.24.5
#13 23.24 WARNING: Running pip as the 'root' user can result in broken permissions and conflicting behaviour with the system package manager, possibly rendering your system unusable. It is recommended to use a virtual environment instead: https://pip.pypa.io/warnings/venv. Use the --root-user-action option if you know what you are doing and want to suppress this warning.
#13 DONE 23.6s

#13 [ui stage-1  5/16] RUN pip install --no-cache-dir --no-index --find-links=/wheels -r requirements.txt     && rm -rf /wheels
#13 DONE 23.6s

#14 [ui stage-1  6/16] COPY alembic.ini ./
#14 DONE 0.1s

#14 [api stage-1  6/16] COPY alembic.ini ./
#14 DONE 0.1s

#15 [ui stage-1  7/16] COPY migrations ./migrations
#15 DONE 0.0s

#16 [api stage-1  8/16] COPY scripts ./scripts
#16 DONE 0.1s

#16 [ui stage-1  8/16] COPY scripts ./scripts
#16 DONE 0.1s

#17 [ui stage-1  9/16] COPY src ./src
#17 DONE 0.1s

#17 [api stage-1  9/16] COPY src ./src
#17 DONE 0.1s

#18 [api stage-1 10/16] COPY config ./config
#18 DONE 0.0s

#19 [api stage-1 11/16] COPY resources/catboost_models/integration-v2-final ./resources/catboost_models/integration-v2-final
#19 DONE 0.0s

#20 [ui stage-1 12/16] COPY resources/catboost_models/aml-game-v1 ./resources/catboost_models/aml-game-v1
#20 DONE 0.0s

#20 [api stage-1 12/16] COPY resources/catboost_models/aml-game-v1 ./resources/catboost_models/aml-game-v1
#20 DONE 0.0s

#21 [api stage-1 13/16] COPY resources/catboost_models/aml-game-relaxed-v1 ./resources/catboost_models/aml-game-relaxed-v1
#21 DONE 0.1s

#22 [ui stage-1 14/16] COPY resources/catboost_models/aml-game-attributes-v1 ./resources/catboost_models/aml-game-attributes-v1
#22 DONE 0.1s

#22 [api stage-1 14/16] COPY resources/catboost_models/aml-game-attributes-v1 ./resources/catboost_models/aml-game-attributes-v1
#22 DONE 0.1s

#23 [api stage-1 15/16] COPY resources/catboost_models/aml-game-attribute-context-v1 ./resources/catboost_models/aml-game-attribute-context-v1
#23 DONE 0.0s

#24 [api stage-1 16/16] RUN useradd --create-home --uid 10001 app     && mkdir -p /home/app/nicegui     && chown app:app /home/app/nicegui     && chmod 700 /home/app/nicegui     && chown -R root:root /app     && chmod -R a-w /app
#24 DONE 1.5s

#24 [api stage-1 16/16] RUN useradd --create-home --uid 10001 app     && mkdir -p /home/app/nicegui     && chown app:app /home/app/nicegui     && chmod 700 /home/app/nicegui     && chown -R root:root /app     && chmod -R a-w /app
#24 DONE 1.5s

#25 [api] exporting to image
#25 exporting layers
#25 ...

#26 [ui] exporting to image
#26 ...

#25 [api] exporting to image
#25 exporting layers 26.2s done
#25 exporting manifest sha256:6d98ffeae3baf34f362ebd1c1932d0351cd98085bdc93eb892040cd8369e62a1 0.0s done
#25 exporting config sha256:8299e7b0503f3bf1480a9ba881761ef2a4be76fcd9e7dfebac191e660979908e 0.0s done
#25 exporting attestation manifest sha256:171889aa6f79b06e3bcf6bf02416160699144188305003557ab5341e4b0f4193 0.0s done
#25 exporting manifest list sha256:b75cd1827df0ad04888093c4c4c03db1e67f7e99a65937e8cdb69f61f9185889 0.0s done
#25 naming to docker.io/library/aml-predeploy-20260920-api:latest done
#25 unpacking to docker.io/library/aml-predeploy-20260920-api:latest
#25 unpacking to docker.io/library/aml-predeploy-20260920-api:latest 6.8s done
#25 DONE 33.2s

#26 [ui] exporting to image
#26 exporting layers 26.2s done
#26 exporting manifest sha256:e19bb65f470cc9d2030196bfc4a959a2aa22832ac09b5eacaa5ba199a406f391 0.0s done
#26 exporting config sha256:9e4e7e3893907713093163554916e743cdcab6286edc52d31d7c67ce038bc215 0.0s done
#26 exporting attestation manifest sha256:025b18816660f21edbe0c3bda28bea9f0cf8b88c1b19f6e572f11aaf23c7d693 0.0s done
#26 exporting manifest list sha256:bdabe04427f0ed8ac620fd4d4a98600b9ebae5349c5ed5dc269e9122e54e8161 0.0s done
#26 naming to docker.io/library/aml-predeploy-20260920-ui:latest done
#26 unpacking to docker.io/library/aml-predeploy-20260920-ui:latest 6.8s done
#26 DONE 33.2s

#27 [ui] resolving provenance for metadata file
#27 DONE 0.0s

#28 [api] resolving provenance for metadata file
#28 DONE 0.0s

 Image aml-predeploy-20260920-ui Building 
 Image aml-predeploy-20260920-api Building 
 Image aml-predeploy-20260920-ui Built 
 Image aml-predeploy-20260920-api Built 
