F
================================== FAILURES ===================================
____________________ test_concurrent_scorers_publish_once _____________________
tests\api\test_concurrency.py:160: in test_concurrent_scorers_publish_once
    assert a.status_code == b.status_code == 200
E   assert <HTTPStatus.CONFLICT: 409> == 500
E    +  where <HTTPStatus.CONFLICT: 409> = <Response [409 Conflict]>.status_code
E    +  and   500 = <Response [500 Internal Server Error]>.status_code
============================== warnings summary ===============================
..\..\AMLautosim\.venv\Lib\site-packages\fastapi\testclient.py:1
  C:\Users\bigze\Documents\GH\AMLautosim\.venv\Lib\site-packages\fastapi\testclient.py:1: StarletteDeprecationWarning: Using `httpx` with `starlette.testclient` is deprecated; install `httpx2` instead.
    from starlette.testclient import TestClient as TestClient  # noqa

..\..\AMLautosim\.venv\Lib\site-packages\starlette\testclient.py:53
  C:\Users\bigze\Documents\GH\AMLautosim\.venv\Lib\site-packages\starlette\testclient.py:53: DeprecationWarning: The anyio.abc.BlockingPortal alias is deprecated, use anyio.from_thread.BlockingPortal instead.
    _PortalFactoryType = Callable[[], AbstractContextManager[anyio.abc.BlockingPortal]]

-- Docs: https://docs.pytest.org/en/stable/how-to/capture-warnings.html
=========================== short test summary info ===========================
FAILED tests/api/test_concurrency.py::test_concurrent_scorers_publish_once - ...
1 failed, 2 warnings in 2.59s

INFO  [alembic.runtime.migration] Context impl PostgresqlImpl.
INFO  [alembic.runtime.migration] Will assume transactional DDL.
INFO  [alembic.runtime.migration] Running upgrade  -> 0001_current_schema, Initial schema for the current single-use workshop game on PostgreSQL.
Traceback (most recent call last):
  File "C:\Users\bigze\Documents\GH\AMLautosim-worktrees\aml-probability-v1\.local-run\predeploy-2026-09-20\diagnose.py", line 10, in watch
    try:return original(*args,**kwargs)
               ~~~~~~~~^^^^^^^^^^^^^^^^
  File "C:\Users\bigze\Documents\GH\AMLautosim-worktrees\aml-probability-v1\src\aml_workshop_simulator\services\scoring_service.py", line 114, in _evaluate
    scoring = (scorer or get_round_scorer(config)).score(steps, config)
  File "C:\Users\bigze\Documents\GH\AMLautosim-worktrees\aml-probability-v1\src\aml_workshop_simulator\services\model_scoring.py", line 99, in score
    prediction = self.adapter.predict(steps, config)
  File "C:\Users\bigze\Documents\GH\AMLautosim-worktrees\aml-probability-v1\src\aml_workshop_simulator\services\aml_risk_model.py", line 188, in predict
    raise ValueError("This model does not support the round financial contract")
ValueError: This model does not support the round financial contract
