
tests/api/test_concurrency.py::test_submission_races_autosave PASSED     [ 20%]
tests/api/test_concurrency.py::test_submission_races_cutoff PASSED       [ 40%]
tests/api/test_concurrency.py::test_state_is_one_nonblocking_snapshot_during_scoring FAILED [ 60%]
tests/api/test_concurrency.py::test_concurrent_submit_retries_record_once PASSED [ 80%]
tests/api/test_concurrency.py::test_concurrent_scorers_publish_once FAILED [100%]

================================== FAILURES ===================================
____________ test_state_is_one_nonblocking_snapshot_during_scoring ____________
tests\api\test_concurrency.py:112: in test_state_is_one_nonblocking_snapshot_during_scoring
    assert score.result(timeout=10)["scored_count"] == 1
           ^^^^^^^^^^^^^^^^^^^^^^^^
..\..\..\..\AppData\Roaming\uv\python\cpython-3.13-windows-x86_64-none\Lib\concurrent\futures\_base.py:460: in result
    return self.__get_result()
           ^^^^^^^^^^^^^^^^^^^
..\..\..\..\AppData\Roaming\uv\python\cpython-3.13-windows-x86_64-none\Lib\concurrent\futures\_base.py:402: in __get_result
    raise self._exception
..\..\..\..\AppData\Roaming\uv\python\cpython-3.13-windows-x86_64-none\Lib\concurrent\futures\thread.py:59: in run
    result = self.fn(*self.args, **self.kwargs)
             ^^^^^^^^^^^^^^^^^^^^^^^^^^^^^^^^^^
tests\conftest.py:105: in request
    assert response.status_code == status, response.text
E   AssertionError: {"code":"scoring_failed","message":"Ошибка скоринга. Приём сценариев закрыт; организатор может повторить расчёт.","details":null,"request_id":"771655fd-efba-49a1-8e8f-cb46914edf9b"}
E   assert 500 == 200
E    +  where 500 = <Response [500 Internal Server Error]>.status_code
____________________ test_concurrent_scorers_publish_once _____________________
tests\api\test_concurrency.py:160: in test_concurrent_scorers_publish_once
    assert a.status_code == b.status_code == 200
E   assert 500 == <HTTPStatus.CONFLICT: 409>
E    +  where 500 = <Response [500 Internal Server Error]>.status_code
E    +  and   <HTTPStatus.CONFLICT: 409> = <Response [409 Conflict]>.status_code
============================== warnings summary ===============================
..\..\AMLautosim\.venv\Lib\site-packages\fastapi\testclient.py:1
  C:\Users\bigze\Documents\GH\AMLautosim\.venv\Lib\site-packages\fastapi\testclient.py:1: StarletteDeprecationWarning: Using `httpx` with `starlette.testclient` is deprecated; install `httpx2` instead.
    from starlette.testclient import TestClient as TestClient  # noqa

..\..\AMLautosim\.venv\Lib\site-packages\starlette\testclient.py:53
  C:\Users\bigze\Documents\GH\AMLautosim\.venv\Lib\site-packages\starlette\testclient.py:53: DeprecationWarning: The anyio.abc.BlockingPortal alias is deprecated, use anyio.from_thread.BlockingPortal instead.
    _PortalFactoryType = Callable[[], AbstractContextManager[anyio.abc.BlockingPortal]]

-- Docs: https://docs.pytest.org/en/stable/how-to/capture-warnings.html
=========================== short test summary info ===========================
FAILED tests/api/test_concurrency.py::test_state_is_one_nonblocking_snapshot_during_scoring
FAILED tests/api/test_concurrency.py::test_concurrent_scorers_publish_once - ...
=================== 2 failed, 3 passed, 2 warnings in 8.96s ===================

