Organizer custom target and energy saved in Linux UI
ADMIN AML Практикум
Мастер-класс AML
Организатор
Об игре
menu_book
logout
Панель организатора
Игра идёт
Запустить скоринг
Новая игра
ИГРА
УЧАСТНИКИ
РЕЗУЛЬТАТЫ
АУДИТ
Модель: aml-game:sha256:6b9c93935933e806ca733d22f36bdb99ef9660a4f6946e4f7d27b2fb748c5fbe
Наёмный сотрудник
Зарплата и переводы от знакомых; повседневные покупки. Другие доходы неизвестны.
История: 14.08.2026 — до 13.09.2026 · до игры, не входит в цель
Поступления
105 000,50 ₽
Списания
3 500,25 ₽
Стороны операций
Сторона	Тип	Сведения	Описание
Алексей	Физическое лицо	Сведения доступны	Личный знакомый
Борис	Физическое лицо	Сведения доступны	Личный знакомый
Контрагент C — реквизиты различимы	Физическое лицо	Сведения ограничены	Знакомство неизвестно
Контрагент D — реквизиты различимы	Физическое лицо	Сведения неизвестны	Знакомство неизвестно
Работодатель	Организация	Сведения доступны	Работодатель
Магазин	Торговая организация	Сведения доступны	Продукты
Криптобиржа	Организация	Сведения доступны	Криптобиржа
История операций
Время	Операция
PLAYER AML Практикум
Мастер-класс AML
Игра идёт
Проверка участника
Об игре
menu_book
logout
Сценарий
Профиль
Ограничения
Баланс
180 000,00
₽
Энергия
40
Время
34
account_balance_wallet
Зарплата
south_west
Входящий перевод
credit_card
Перевод по карте
payments
Наличные
shopping_bag
Покупка
playlist_add
Добавьте первую операцию
Цель исходящих операций
0,00
₽
0%
из 350 000,00 ₽
Комиссии
0,00 ₽
Лимиты и цель
radio_button_unchecked
Цель
Ещё 350 000,00 ₽
check_circle
Наличные операции
0,00 / 150 000,00 ₽
radio_button_unchecked
Действия в раунде
0 / 16
check_circle
Сумма покупок
0,00 / 30 000,00 ₽
check_circle
Количество покупок
0 / 3
Добавьте хотя бы одну операцию.
Сохранено
arrow_forward
Отправить сценарий

