#1 [internal] load local bake definitions
#1 reading from stdin 1.18kB 0.0s done
#1 DONE 0.0s

#2 [api internal] load build definition from Dockerfile
#2 transferring dockerfile: 2.13kB done
#2 DONE 0.0s

#3 [api internal] load metadata for docker.io/library/python:3.13-slim
#3 DONE 1.1s

#4 [api internal] load .dockerignore
#4 transferring context: 1.62kB done
#4 DONE 0.0s

#5 [api builder 1/4] FROM docker.io/library/python:3.13-slim@sha256:8d9d0b8bcf6506481eae4907c18f5e3e7902e629f5f6d684f9e7c32e85e3ddf0
#5 resolve docker.io/library/python:3.13-slim@sha256:8d9d0b8bcf6506481eae4907c18f5e3e7902e629f5f6d684f9e7c32e85e3ddf0 0.0s done
#5 DONE 0.0s

#6 [api internal] load build context
#6 transferring context: 12.50MB 0.9s done
#6 transferring context: 12.50MB 0.9s done
#6 DONE 0.9s

#7 [api builder 2/4] WORKDIR /build
#7 CACHED

#8 [api builder 3/4] COPY requirements.txt ./
#8 CACHED

#9 [api stage-1  3/18] COPY --from=builder /wheels /wheels
#9 CACHED

#10 [api stage-1  2/18] WORKDIR /app
#10 CACHED

#11 [api stage-1  4/18] COPY requirements.txt ./
#11 CACHED

#12 [api stage-1  5/18] RUN pip install --no-cache-dir --no-index --find-links=/wheels -r requirements.txt     && rm -rf /wheels
#12 CACHED

#13 [api stage-1  6/18] COPY alembic.ini ./
#13 CACHED

#14 [api builder 4/4] RUN pip download --only-binary=:all: --dest /wheels -r requirements.txt
#14 CACHED

#15 [ui stage-1  7/18] COPY migrations ./migrations
#15 CACHED

#16 [ui stage-1  8/18] COPY scripts ./scripts
#16 DONE 0.0s

#17 [ui stage-1  9/18] COPY src ./src
#17 DONE 0.1s

#17 [api stage-1  9/18] COPY src ./src
#17 DONE 0.1s

#18 [ui stage-1 10/18] COPY config ./config
#18 DONE 0.0s

#19 [api stage-1 11/18] COPY resources/catboost_models/integration-v2-final ./resources/catboost_models/integration-v2-final
#19 DONE 0.0s

#20 [api stage-1 12/18] COPY resources/catboost_models/aml-game-v1 ./resources/catboost_models/aml-game-v1
#20 DONE 0.0s

#20 [ui stage-1 12/18] COPY resources/catboost_models/aml-game-v1 ./resources/catboost_models/aml-game-v1
#20 DONE 0.0s

#21 [ui stage-1 13/18] COPY resources/catboost_models/aml-game-relaxed-v1 ./resources/catboost_models/aml-game-relaxed-v1
#21 DONE 0.0s

#22 [ui stage-1 14/18] COPY resources/catboost_models/aml-game-attributes-v1 ./resources/catboost_models/aml-game-attributes-v1
#22 DONE 0.0s

#23 [ui stage-1 15/18] COPY resources/catboost_models/aml-game-attribute-context-v1 ./resources/catboost_models/aml-game-attribute-context-v1
#23 DONE 0.0s

#23 [api stage-1 15/18] COPY resources/catboost_models/aml-game-attribute-context-v1 ./resources/catboost_models/aml-game-attribute-context-v1
#23 DONE 0.0s

#24 [api stage-1 16/18] COPY resources/catboost_models/aml-game-organizer-settings-v1 ./resources/catboost_models/aml-game-organizer-settings-v1
#24 DONE 0.0s

#25 [ui stage-1 17/18] COPY resources/catboost_models/aml-game-attribute-context-unlimited-v1 ./resources/catboost_models/aml-game-attribute-context-unlimited-v1
#25 DONE 0.0s

#26 [ui stage-1 18/18] RUN useradd --create-home --uid 10001 app     && mkdir -p /home/app/nicegui     && chown app:app /home/app/nicegui     && chmod 700 /home/app/nicegui     && chown -R root:root /app     && chmod -R a-w /app
#26 DONE 1.3s

#26 [api stage-1 18/18] RUN useradd --create-home --uid 10001 app     && mkdir -p /home/app/nicegui     && chown app:app /home/app/nicegui     && chmod 700 /home/app/nicegui     && chown -R root:root /app     && chmod -R a-w /app
#26 DONE 1.3s

#27 [api] exporting to image
#27 exporting layers
#27 exporting layers 1.4s done
#27 exporting manifest sha256:f445068196e1db1018ca7f0bb92cb320c2c9b8638d1eddac2744657f39a4ade9 0.0s done
#27 exporting config sha256:660f002c3375ddc2ea2341112ca0a3b4e006ddfefea6fffe2c82c4363e651f95 0.0s done
#27 exporting attestation manifest sha256:ac4e4688b2bf2cc20bc15c60a44f642e361123f8f51259dc05896a83388dfb06 0.0s done
#27 exporting manifest list sha256:f1015dca48ad1eb6ef164f4f153522166e5d8e1fe46ccdbd60b9a90a9687d90e 0.0s done
#27 naming to docker.io/library/aml-predeploy-fixes-20260920-api:latest done
#27 unpacking to docker.io/library/aml-predeploy-fixes-20260920-api:latest
#27 unpacking to docker.io/library/aml-predeploy-fixes-20260920-api:latest 0.6s done
#27 DONE 2.2s

#28 [ui] exporting to image
#28 exporting layers 1.4s done
#28 exporting manifest sha256:f6b9eba9e3928529fc17794850c8db43826516d5df8f30200ca587c73478ab1c 0.0s done
#28 exporting config sha256:d90acc0f47e2d4f1933a891bd1ce8e5f96ffa44d007135df6ea2590c3b7a0791 0.0s done
#28 exporting attestation manifest sha256:bfe8c5288f887be5ce88bfd7375d516fe4b619f48b29dd62d467d29580886cdf 0.0s done
#28 exporting manifest list sha256:8f3b85cd59bc6a343ace2e9a9eb0610c74a66d6e43d6b98a7bc6570f5f6226b7 0.0s done
#28 naming to docker.io/library/aml-predeploy-fixes-20260920-ui:latest done
#28 unpacking to docker.io/library/aml-predeploy-fixes-20260920-ui:latest 0.6s done
#28 DONE 2.2s

#29 [ui] resolving provenance for metadata file
#29 DONE 0.0s

#30 [api] resolving provenance for metadata file
#30 DONE 0.0s

 Image aml-predeploy-fixes-20260920-api Building 
 Image aml-predeploy-fixes-20260920-ui Building 
 Image aml-predeploy-fixes-20260920-ui Built 
 Image aml-predeploy-fixes-20260920-api Built 
