#1 [internal] load local bake definitions
#1 reading from stdin 1.18kB 0.0s done
#1 DONE 0.0s

#2 [ui internal] load build definition from Dockerfile
#2 transferring dockerfile: 2.13kB done
#2 DONE 0.0s

#3 [api internal] load metadata for docker.io/library/python:3.13-slim
#3 DONE 0.7s

#4 [ui internal] load .dockerignore
#4 transferring context: 1.62kB done
#4 DONE 0.0s

#5 [ui builder 1/4] FROM docker.io/library/python:3.13-slim@sha256:8d9d0b8bcf6506481eae4907c18f5e3e7902e629f5f6d684f9e7c32e85e3ddf0
#5 resolve docker.io/library/python:3.13-slim@sha256:8d9d0b8bcf6506481eae4907c18f5e3e7902e629f5f6d684f9e7c32e85e3ddf0 0.0s done
#5 DONE 0.0s

#6 [api internal] load build context
#6 transferring context: 69.99kB 0.0s done
#6 DONE 0.0s

#7 [api stage-1  6/18] COPY alembic.ini ./
#7 CACHED

#8 [api builder 2/4] WORKDIR /build
#8 CACHED

#9 [api builder 3/4] COPY requirements.txt ./
#9 CACHED

#10 [api stage-1  3/18] COPY --from=builder /wheels /wheels
#10 CACHED

#11 [api stage-1  4/18] COPY requirements.txt ./
#11 CACHED

#12 [api builder 4/4] RUN pip download --only-binary=:all: --dest /wheels -r requirements.txt
#12 CACHED

#13 [api stage-1  5/18] RUN pip install --no-cache-dir --no-index --find-links=/wheels -r requirements.txt     && rm -rf /wheels
#13 CACHED

#14 [api stage-1  2/18] WORKDIR /app
#14 CACHED

#15 [api stage-1  7/18] COPY migrations ./migrations
#15 CACHED

#16 [ui stage-1  8/18] COPY scripts ./scripts
#16 DONE 0.0s

#16 [api stage-1  8/18] COPY scripts ./scripts
#16 DONE 0.0s

#17 [api stage-1  9/18] COPY src ./src
#17 DONE 0.1s

#18 [ui stage-1 10/18] COPY config ./config
#18 DONE 0.0s

#19 [ui stage-1 11/18] COPY resources/catboost_models/integration-v2-final ./resources/catboost_models/integration-v2-final
#19 DONE 0.0s

#19 [api stage-1 11/18] COPY resources/catboost_models/integration-v2-final ./resources/catboost_models/integration-v2-final
#19 DONE 0.0s

#20 [ui stage-1 12/18] COPY resources/catboost_models/aml-game-v1 ./resources/catboost_models/aml-game-v1
#20 DONE 0.0s

#21 [api stage-1 13/18] COPY resources/catboost_models/aml-game-relaxed-v1 ./resources/catboost_models/aml-game-relaxed-v1
#21 DONE 0.0s

#22 [api stage-1 14/18] COPY resources/catboost_models/aml-game-attributes-v1 ./resources/catboost_models/aml-game-attributes-v1
#22 DONE 0.0s

#22 [ui stage-1 14/18] COPY resources/catboost_models/aml-game-attributes-v1 ./resources/catboost_models/aml-game-attributes-v1
#22 DONE 0.0s

#23 [api stage-1 15/18] COPY resources/catboost_models/aml-game-attribute-context-v1 ./resources/catboost_models/aml-game-attribute-context-v1
#23 DONE 0.0s

#24 [api stage-1 16/18] COPY resources/catboost_models/aml-game-organizer-settings-v1 ./resources/catboost_models/aml-game-organizer-settings-v1
#24 DONE 0.0s

#25 [ui stage-1 17/18] COPY resources/catboost_models/aml-game-attribute-context-unlimited-v1 ./resources/catboost_models/aml-game-attribute-context-unlimited-v1
#25 DONE 0.0s

#25 [api stage-1 17/18] COPY resources/catboost_models/aml-game-attribute-context-unlimited-v1 ./resources/catboost_models/aml-game-attribute-context-unlimited-v1
#25 DONE 0.0s

#26 [api stage-1 18/18] RUN useradd --create-home --uid 10001 app     && mkdir -p /home/app/nicegui     && chown app:app /home/app/nicegui     && chmod 700 /home/app/nicegui     && chown -R root:root /app     && chmod -R a-w /app
#26 DONE 1.3s

#26 [api stage-1 18/18] RUN useradd --create-home --uid 10001 app     && mkdir -p /home/app/nicegui     && chown app:app /home/app/nicegui     && chmod 700 /home/app/nicegui     && chown -R root:root /app     && chmod -R a-w /app
#26 DONE 1.3s

#27 [ui] exporting to image
#27 exporting layers
#27 exporting layers 1.5s done
#27 exporting manifest sha256:7aacc0f9ae28e53faaf1de1c840e373cc1a6940c6b1daf894825af8cd25beea9 0.0s done
#27 exporting config sha256:4219b84165dba94860b5c1035be5511717c3d7742e1a75bc86b817fed1b49c45 0.0s done
#27 exporting attestation manifest sha256:7a2ddd42ed1318ea3f1bc2d2570036bc3a4b91aed6a14b912ceac7160aa37813 0.0s done
#27 exporting manifest list sha256:16b24f41e60cb205bb14c6d7cbbc5a9baa1f397e543ac8ba3288f6255f9f1ba0 0.0s done
#27 naming to docker.io/library/aml-predeploy-fixes-20260920-ui:latest done
#27 unpacking to docker.io/library/aml-predeploy-fixes-20260920-ui:latest
#27 unpacking to docker.io/library/aml-predeploy-fixes-20260920-ui:latest 0.7s done
#27 DONE 2.3s

#28 [api] exporting to image
#28 exporting layers 1.5s done
#28 exporting manifest sha256:4a640859c2dbf707e8daa017919422bb3be075668f259f0ca2b73e082e6cab41 0.0s done
#28 exporting config sha256:55adf625308c636062044e82966d79b4947615af4835bf4f815fc27a4ffea68c 0.0s done
#28 exporting attestation manifest sha256:3074fe4d94bf59d8f2ef49c57d65912486965675dec8503e9dce3c64a75fd439 0.0s done
#28 exporting manifest list sha256:0a971d4c3e0196961e02fea8a080c8ba44684891edb20a95ff590be494ec3c36 0.0s done
#28 naming to docker.io/library/aml-predeploy-fixes-20260920-api:latest done
#28 unpacking to docker.io/library/aml-predeploy-fixes-20260920-api:latest 0.7s done
#28 DONE 2.3s

#29 [ui] resolving provenance for metadata file
#29 DONE 0.0s

#30 [api] resolving provenance for metadata file
#30 DONE 0.0s

 Image aml-predeploy-fixes-20260920-api Building 
 Image aml-predeploy-fixes-20260920-ui Building 
 Image aml-predeploy-fixes-20260920-api Built 
 Image aml-predeploy-fixes-20260920-ui Built 
 Container aml-predeploy-fixes-20260920-db-1 Running 
 Container aml-predeploy-fixes-20260920-api-1 Recreate 
 Container aml-predeploy-fixes-20260920-api-1 Recreated 
 Container aml-predeploy-fixes-20260920-ui-1 Recreate 
 Container aml-predeploy-fixes-20260920-ui-1 Recreated 
 Container aml-predeploy-fixes-20260920-db-1 Waiting 
 Container aml-predeploy-fixes-20260920-db-1 Healthy 
 Container aml-predeploy-fixes-20260920-api-1 Starting 
 Container aml-predeploy-fixes-20260920-api-1 Started 
 Container aml-predeploy-fixes-20260920-api-1 Waiting 
 Container aml-predeploy-fixes-20260920-api-1 Healthy 
 Container aml-predeploy-fixes-20260920-ui-1 Starting 
 Container aml-predeploy-fixes-20260920-ui-1 Started 
 Container aml-predeploy-fixes-20260920-api-1 Waiting 
 Container aml-predeploy-fixes-20260920-ui-1 Waiting 
 Container aml-predeploy-fixes-20260920-db-1 Waiting 
 Container aml-predeploy-fixes-20260920-api-1 Healthy 
 Container aml-predeploy-fixes-20260920-db-1 Healthy 
 Container aml-predeploy-fixes-20260920-ui-1 Healthy 
