............FFFFFF...                                                    [100%]
================================== FAILURES ===================================
_______________ test_confirmation_client_lifecycle[disconnect] ________________
tests\unit\test_nicegui_organizer.py:82: in test_confirmation_client_lifecycle
    asyncio.run(run())
..\..\..\..\AppData\Roaming\uv\python\cpython-3.13-windows-x86_64-none\Lib\asyncio\runners.py:196: in run
    return runner.run(main)
           ^^^^^^^^^^^^^^^^
..\..\..\..\AppData\Roaming\uv\python\cpython-3.13-windows-x86_64-none\Lib\asyncio\runners.py:119: in run
    return self._loop.run_until_complete(task)
           ^^^^^^^^^^^^^^^^^^^^^^^^^^^^^^^^^^^
..\..\..\..\AppData\Roaming\uv\python\cpython-3.13-windows-x86_64-none\Lib\asyncio\base_events.py:726: in run_until_complete
    return future.result()
           ^^^^^^^^^^^^^^^
tests\unit\test_nicegui_organizer.py:68: in run
    dialog = next(iter(user.find(ui.dialog).elements))
                       ^^^^^^^^^^^^^^^^^^^^
..\..\AMLautosim\.venv\Lib\site-packages\nicegui\testing\user.py:221: in find
    raise AssertionError('expected to find at least one ' +
E   AssertionError: expected to find at least one element of type Dialog on the page:
E   q-layout
E    q-page-container
E     q-page
E      div
E       Label [text=Confirmation test]
_________________ test_confirmation_client_lifecycle[delete] __________________
tests\unit\test_nicegui_organizer.py:82: in test_confirmation_client_lifecycle
    asyncio.run(run())
..\..\..\..\AppData\Roaming\uv\python\cpython-3.13-windows-x86_64-none\Lib\asyncio\runners.py:196: in run
    return runner.run(main)
           ^^^^^^^^^^^^^^^^
..\..\..\..\AppData\Roaming\uv\python\cpython-3.13-windows-x86_64-none\Lib\asyncio\runners.py:119: in run
    return self._loop.run_until_complete(task)
           ^^^^^^^^^^^^^^^^^^^^^^^^^^^^^^^^^^^
..\..\..\..\AppData\Roaming\uv\python\cpython-3.13-windows-x86_64-none\Lib\asyncio\base_events.py:726: in run_until_complete
    return future.result()
           ^^^^^^^^^^^^^^^
tests\unit\test_nicegui_organizer.py:68: in run
    dialog = next(iter(user.find(ui.dialog).elements))
                       ^^^^^^^^^^^^^^^^^^^^
..\..\AMLautosim\.venv\Lib\site-packages\nicegui\testing\user.py:221: in find
    raise AssertionError('expected to find at least one ' +
E   AssertionError: expected to find at least one element of type Dialog on the page:
E   q-layout
E    q-page-container
E     q-page
E      div
E       Label [text=Confirmation test]
_________________ test_confirmation_client_lifecycle[confirm] _________________
tests\unit\test_nicegui_organizer.py:82: in test_confirmation_client_lifecycle
    asyncio.run(run())
..\..\..\..\AppData\Roaming\uv\python\cpython-3.13-windows-x86_64-none\Lib\asyncio\runners.py:196: in run
    return runner.run(main)
           ^^^^^^^^^^^^^^^^
..\..\..\..\AppData\Roaming\uv\python\cpython-3.13-windows-x86_64-none\Lib\asyncio\runners.py:119: in run
    return self._loop.run_until_complete(task)
           ^^^^^^^^^^^^^^^^^^^^^^^^^^^^^^^^^^^
..\..\..\..\AppData\Roaming\uv\python\cpython-3.13-windows-x86_64-none\Lib\asyncio\base_events.py:726: in run_until_complete
    return future.result()
           ^^^^^^^^^^^^^^^
tests\unit\test_nicegui_organizer.py:68: in run
    dialog = next(iter(user.find(ui.dialog).elements))
                       ^^^^^^^^^^^^^^^^^^^^
..\..\AMLautosim\.venv\Lib\site-packages\nicegui\testing\user.py:221: in find
    raise AssertionError('expected to find at least one ' +
E   AssertionError: expected to find at least one element of type Dialog on the page:
E   q-layout
E    q-page-container
E     q-page
E      div
E       Label [text=Confirmation test]
------------------------------ Captured log call ------------------------------
ERROR    asyncio:base_events.py:1890 Task exception was never retrieved
future: <Task finished name='Task-62' coro=<OrganizerScreen.confirm() done, defined at C:\Users\bigze\Documents\GH\AMLautosim-worktrees\aml-probability-v1\src\aml_workshop_simulator\ui\nicegui\organizer.py:434> exception=RuntimeError('The current slot cannot be determined because the slot stack for this task is empty.\nThis may happen if you try to create UI from a background task.\nTo fix this, enter the target slot explicitly using `with container_element:`.')>
Traceback (most recent call last):
  File "C:\Users\bigze\Documents\GH\AMLautosim-worktrees\aml-probability-v1\src\aml_workshop_simulator\ui\nicegui\organizer.py", line 439, in confirm
    with ui.dialog() as dialog, ui.card().classes("max-w-lg"):
         ~~~~~~~~~^^
  File "C:\Users\bigze\Documents\GH\AMLautosim\.venv\Lib\site-packages\nicegui\defaults.py", line 64, in decorated
    return original_func(*args, **kwargs)
  File "C:\Users\bigze\Documents\GH\AMLautosim\.venv\Lib\site-packages\nicegui\elements\dialog.py", line 33, in __init__
    with context.client.layout:
         ^^^^^^^^^^^^^^
  File "C:\Users\bigze\Documents\GH\AMLautosim\.venv\Lib\site-packages\nicegui\context.py", line 41, in client
    return self.slot.parent.client
           ^^^^^^^^^
  File "C:\Users\bigze\Documents\GH\AMLautosim\.venv\Lib\site-packages\nicegui\context.py", line 33, in slot
    raise RuntimeError('The current slot cannot be determined because the slot stack for this task is empty.\n'
                       'This may happen if you try to create UI from a background task.\n'
                       'To fix this, enter the target slot explicitly using `with container_element:`.')
RuntimeError: The current slot cannot be determined because the slot stack for this task is empty.
This may happen if you try to create UI from a background task.
To fix this, enter the target slot explicitly using `with container_element:`.
_________________ test_confirmation_client_lifecycle[cancel] __________________
tests\unit\test_nicegui_organizer.py:82: in test_confirmation_client_lifecycle
    asyncio.run(run())
..\..\..\..\AppData\Roaming\uv\python\cpython-3.13-windows-x86_64-none\Lib\asyncio\runners.py:196: in run
    return runner.run(main)
           ^^^^^^^^^^^^^^^^
..\..\..\..\AppData\Roaming\uv\python\cpython-3.13-windows-x86_64-none\Lib\asyncio\runners.py:119: in run
    return self._loop.run_until_complete(task)
           ^^^^^^^^^^^^^^^^^^^^^^^^^^^^^^^^^^^
..\..\..\..\AppData\Roaming\uv\python\cpython-3.13-windows-x86_64-none\Lib\asyncio\base_events.py:726: in run_until_complete
    return future.result()
           ^^^^^^^^^^^^^^^
tests\unit\test_nicegui_organizer.py:68: in run
    dialog = next(iter(user.find(ui.dialog).elements))
                       ^^^^^^^^^^^^^^^^^^^^
..\..\AMLautosim\.venv\Lib\site-packages\nicegui\testing\user.py:221: in find
    raise AssertionError('expected to find at least one ' +
E   AssertionError: expected to find at least one element of type Dialog on the page:
E   q-layout
E    q-page-container
E     q-page
E      div
E       Label [text=Confirmation test]
------------------------------ Captured log call ------------------------------
ERROR    asyncio:base_events.py:1890 Task exception was never retrieved
future: <Task finished name='Task-70' coro=<OrganizerScreen.confirm() done, defined at C:\Users\bigze\Documents\GH\AMLautosim-worktrees\aml-probability-v1\src\aml_workshop_simulator\ui\nicegui\organizer.py:434> exception=RuntimeError('The current slot cannot be determined because the slot stack for this task is empty.\nThis may happen if you try to create UI from a background task.\nTo fix this, enter the target slot explicitly using `with container_element:`.')>
Traceback (most recent call last):
  File "C:\Users\bigze\Documents\GH\AMLautosim-worktrees\aml-probability-v1\src\aml_workshop_simulator\ui\nicegui\organizer.py", line 439, in confirm
    with ui.dialog() as dialog, ui.card().classes("max-w-lg"):
         ~~~~~~~~~^^
  File "C:\Users\bigze\Documents\GH\AMLautosim\.venv\Lib\site-packages\nicegui\defaults.py", line 64, in decorated
    return original_func(*args, **kwargs)
  File "C:\Users\bigze\Documents\GH\AMLautosim\.venv\Lib\site-packages\nicegui\elements\dialog.py", line 33, in __init__
    with context.client.layout:
         ^^^^^^^^^^^^^^
  File "C:\Users\bigze\Documents\GH\AMLautosim\.venv\Lib\site-packages\nicegui\context.py", line 41, in client
    return self.slot.parent.client
           ^^^^^^^^^
  File "C:\Users\bigze\Documents\GH\AMLautosim\.venv\Lib\site-packages\nicegui\context.py", line 33, in slot
    raise RuntimeError('The current slot cannot be determined because the slot stack for this task is empty.\n'
                       'This may happen if you try to create UI from a background task.\n'
                       'To fix this, enter the target slot explicitly using `with container_element:`.')
RuntimeError: The current slot cannot be determined because the slot stack for this task is empty.
This may happen if you try to create UI from a background task.
To fix this, enter the target slot explicitly using `with container_element:`.
__________ test_parameters_and_amount_remain_editable_after_autosave __________
tests\api\test_nicegui_participant_editing.py:109: in test_parameters_and_amount_remain_editable_after_autosave
    asyncio.run(run())
..\..\..\..\AppData\Roaming\uv\python\cpython-3.13-windows-x86_64-none\Lib\asyncio\runners.py:196: in run
    return runner.run(main)
           ^^^^^^^^^^^^^^^^
..\..\..\..\AppData\Roaming\uv\python\cpython-3.13-windows-x86_64-none\Lib\asyncio\runners.py:119: in run
    return self._loop.run_until_complete(task)
           ^^^^^^^^^^^^^^^^^^^^^^^^^^^^^^^^^^^
..\..\..\..\AppData\Roaming\uv\python\cpython-3.13-windows-x86_64-none\Lib\asyncio\base_events.py:726: in run_until_complete
    return future.result()
           ^^^^^^^^^^^^^^^
tests\api\test_nicegui_participant_editing.py:101: in run
    await user.should_see("Профиль и предыстория", retries=40)
..\..\AMLautosim\.venv\Lib\site-packages\nicegui\testing\user.py:147: in should_see
    raise AssertionError('expected to see at least one ' + self._build_error_message(target, kind, marker, content))
E   AssertionError: expected to see at least one element with marker=Профиль и предыстория or content=Профиль и предыстория on the page:
E   q-layout
E    q-page-container
E     q-page
E      div
E       Colors [primary=#1555a2, secondary=#397fbd, accent=#9c27b0, dark=#1d1d1d, dark-page=#121212, positive=#247c62, negative=#ad4535, info=#31ccec, warning=#f2c037]
E       Row
E        Row
E         div
E          Label [text=AML Практикум]
E         Label [text=Мастер-класс AML]
E        Space
E        Label [text=Игра идёт]
E        Label [text=Участник]
E        Row
E         Link [text=Об игре, href=/about?audience=play, target=_blank]
E          Icon [name=menu_book, aria-hidden=true]
E         Tooltip [text=Открыть описание игр..., target=#c14]
E         Button [icon=logout, flat=True, dense=True, aria-label=Выйти]
E         Tooltip [text=Выйти, target=#c17]
E       Column
E        Label [visible=False]
E        Column
E         Column
E          Column
E           Row
E            Link [text=Сценарий, href=/play, target=_self]
E            Link [text=Профиль, href=/play/profile, target=_self]
E            Link [text=Ограничения, href=/play/limits, target=_self]
E           Column
E            Column
E             Label [text=Наёмный сотрудник]
E             Label [text=Зарплата и переводы...]
E             Label [text=История: 21.08.2026...]
E            div
E             Column
E              Label [text=Поступления]
E              Label [text=105 000,50 ₽]
E             Column
E              Label [text=Списания]
E              Label [text=3 500,25 ₽]
E            Column
E             Label [text=Стороны операций]
E             Table [columns=[{'name': 'name', 'l..., rows=[{'id': 'A', 'name':..., row-key=id, pagination={'rowsPerPage': 0}, selection=none, flat=True, wrap-cells=True, hide-bottom=True]
E            Column
E             Label [text=История операций]
E             Table [columns=[{'name': 'time', 'l..., rows=[{'id': 'h1', 'time'..., row-key=id, pagination={'rowsPerPage': 0}, selection=none, flat=True, wrap-cells=True, hide-bottom=True]
E       Timer
E       Timer
---------------------------- Captured stderr setup ----------------------------
INFO  [alembic.runtime.migration] Context impl PostgresqlImpl.
INFO  [alembic.runtime.migration] Will assume transactional DDL.
INFO  [alembic.runtime.migration] Running upgrade  -> 0001_current_schema, Initial schema for the current single-use workshop game on PostgreSQL.
__________________ test_registration_login_and_full_workshop __________________
tests\api\test_nicegui_forms.py:250: in test_registration_login_and_full_workshop
    asyncio.run(run())
..\..\..\..\AppData\Roaming\uv\python\cpython-3.13-windows-x86_64-none\Lib\asyncio\runners.py:196: in run
    return runner.run(main)
           ^^^^^^^^^^^^^^^^
..\..\..\..\AppData\Roaming\uv\python\cpython-3.13-windows-x86_64-none\Lib\asyncio\runners.py:119: in run
    return self._loop.run_until_complete(task)
           ^^^^^^^^^^^^^^^^^^^^^^^^^^^^^^^^^^^
..\..\..\..\AppData\Roaming\uv\python\cpython-3.13-windows-x86_64-none\Lib\asyncio\base_events.py:726: in run_until_complete
    return future.result()
           ^^^^^^^^^^^^^^^
tests\api\test_nicegui_forms.py:196: in run
    user.find("Лимиты и условия отправки").click()
    ^^^^^^^^^^^^^^^^^^^^^^^^^^^^^^^^^^^^^^
..\..\AMLautosim\.venv\Lib\site-packages\nicegui\testing\user.py:221: in find
    raise AssertionError('expected to find at least one ' +
E   AssertionError: expected to find at least one element with marker=Лимиты и условия отправки or content=Лимиты и условия отправки on the page:
E   q-layout
E    q-page-container
E     q-page
E      div
E       Colors [primary=#1555a2, secondary=#397fbd, accent=#9c27b0, dark=#1d1d1d, dark-page=#121212, positive=#247c62, negative=#ad4535, info=#31ccec, warning=#f2c037]
E       Row
E        Row
E         div
E          Label [text=AML Практикум]
E         Label [text=Игра NiceGUI]
E        Space
E        Label [text=Игра идёт]
E        Label [text=Тест формы]
E        Row
E         Link [text=Об игре, href=/about?audience=play, target=_blank]
E          Icon [name=menu_book, aria-hidden=true]
E         Tooltip [text=Открыть описание игр..., target=#c14]
E         Button [icon=logout, flat=True, dense=True, aria-label=Выйти]
E         Tooltip [text=Выйти, target=#c17]
E       Column
E        Label [visible=False]
E        Column
E         Column
E          Column
E           Row
E            Link [text=Сценарий, href=/play, target=_self]
E            Link [text=Профиль, href=/play/profile, target=_self]
E            Link [text=Ограничения, href=/play/limits, target=_self]
E           div
E            Column
E             Column
E              div
E               Column
E                Label [text=Баланс]
E                Row
E                 Label [text=7 950,00]
E                 Label [text=₽]
E               Column
E                Column
E                 Row
E                  Label [text=Энергия]
E                  Label [text=9]
E                 LinearProgress [value=0.3, size=3px, aria-label=Энергия: 9]
E                Column
E                 Row
E                  Label [text=Время]
E                  Label [text=10]
E                 LinearProgress [value=0.3333333333333333, size=3px, aria-label=Время: 10]
E             Column
E              Button [label=Зарплата, icon=account_balance_wall..., flat=True, no-caps=True, align=center]
E              Button [label=Входящий перевод, icon=south_west, flat=True, no-caps=True, align=center]
E              Button [label=Перевод по карте, icon=credit_card, flat=True, no-caps=True, align=center]
E              Button [label=Наличные, icon=payments, flat=True, no-caps=True, align=center]
E              Button [label=Покупка, icon=shopping_bag, flat=True, no-caps=True, align=center]
E             Column
E              Expansion [model-value=True, label=9. Перевести по карт..., caption=Алексей — постоянный...]
E               div
E                Number [model-value=78000, label=Сумма, for=c903, type=number, min=10000.0, max=80000.0, step=0.01, suffix=₽, outlined=True, dense=True, hide-bottom-space=True, inputmode=decimal]
E                Select [model-value={'value': 0, 'label'..., options=[{'value': 0, 'label..., label=Канал, outlined=True, dense=True, options-dense=True]
E                Tooltip [text=Канал, target=#c904]
E                Select [model-value={'value': 0, 'label'..., options=[{'value': 0, 'label..., label=Получатель, outlined=True, dense=True, options-dense=True, hide-bottom-space=True]
E                Select [model-value={'value': 0, 'label'..., options=[{'value': 0, 'label..., label=Ожидание перед опера..., outlined=True, dense=True, hide-bottom-space=True]
E              Expansion [label=8. Перевести по карт..., caption=Алексей — постоянный...]
E               div
E                Number [model-value=78000, label=Сумма, for=c925, type=number, min=10000.0, max=80000.0, step=0.01, suffix=₽, outlined=True, dense=True, hide-bottom-space=True, inputmode=decimal]
E                Select [model-value={'value': 0, 'label'..., options=[{'value': 0, 'label..., label=Канал, outlined=True, dense=True, options-dense=True]
E                Tooltip [text=Канал, target=#c926]
E                Select [model-value={'value': 0, 'label'..., options=[{'value': 0, 'label..., label=Получатель, outlined=True, dense=True, options-dense=True, hide-bottom-space=True]
E                Select [model-value={'value': 0, 'label'..., options=[{'value': 0, 'label..., label=Ожидание перед опера..., outlined=True, dense=True, hide-bottom-space=True]
E              Expansion [label=7. Получить входящий..., caption=Алексей — постоянный...]
E               div
E                Number [model-value=70000, label=Сумма, for=c947, type=number, min=10000.0, max=80000.0, step=0.01, suffix=₽, outlined=True, dense=True, hide-bottom-space=True, inputmode=decimal]
E                Select [model-value={'value': 0, 'label'..., options=[{'value': 0, 'label..., label=Источник перевода, outlined=True, dense=True, options-dense=True]
E                Tooltip [text=Откуда поступают ден..., target=#c948]
E                Select [model-value={'value': 0, 'label'..., options=[{'value': 0, 'label..., label=Отправитель, outlined=True, dense=True, options-dense=True, hide-bottom-space=True]
E                Select [model-value={'value': 0, 'label'..., options=[{'value': 0, 'label..., label=Ожидание перед опера..., outlined=True, dense=True, hide-bottom-space=True]
E              Expansion [label=6. Снять наличные ·..., caption=Наличные · 20.09.202...]
E               div
E                Number [model-value=10000, label=Сумма, for=c969, type=number, min=10000.0, max=100000.0, step=0.01, suffix=₽, outlined=True, dense=True, hide-bottom-space=True, inputmode=decimal]
E                Select [model-value={'value': 0, 'label'..., options=[{'value': 0, 'label..., label=Канал, outlined=True, dense=True, options-dense=True]
E                Tooltip [text=Канал, target=#c970]
E                Select [model-value={'value': 0, 'label'..., options=[{'value': 0, 'label..., label=Ожидание перед опера..., outlined=True, dense=True, hide-bottom-space=True]
E              Expansion [label=5. Перевести по карт..., caption=Алексей — постоянный...]
E               div
E                Number [model-value=78000, label=Сумма, for=c990, type=number, min=10000.0, max=80000.0, step=0.01, suffix=₽, outlined=True, dense=True, hide-bottom-space=True, inputmode=decimal]
E                Select [model-value={'value': 0, 'label'..., options=[{'value': 0, 'label..., label=Канал, outlined=True, dense=True, options-dense=True]
E                Tooltip [text=Канал, target=#c991]
E                Select [model-value={'value': 0, 'label'..., options=[{'value': 0, 'label..., label=Получатель, outlined=True, dense=True, options-dense=True, hide-bottom-space=True]
E                Select [model-value={'value': 0, 'label'..., options=[{'value': 0, 'label..., label=Ожидание перед опера..., outlined=True, dense=True, hide-bottom-space=True]
E              Expansion [label=4. Получить входящий..., caption=Алексей — постоянный...]
E               div
E                Number [model-value=80000, label=Сумма, for=c1012, type=number, min=10000.0, max=80000.0, step=0.01, suffix=₽, outlined=True, dense=True, hide-bottom-space=True, inputmode=decimal]
E                Select [model-value={'value': 0, 'label'..., options=[{'value': 0, 'label..., label=Источник перевода, outlined=True, dense=True, options-dense=True]
E                Tooltip [text=Откуда поступают ден..., target=#c1013]
E                Select [model-value={'value': 0, 'label'..., options=[{'value': 0, 'label..., label=Отправитель, outlined=True, dense=True, options-dense=True, hide-bottom-space=True]
E                Select [model-value={'value': 0, 'label'..., options=[{'value': 0, 'label..., label=Ожидание перед опера..., outlined=True, dense=True, hide-bottom-space=True]
E              Expansion [label=3. Перевести по карт..., caption=Алексей — постоянный...]
E               div
E                Number [model-value=78000, label=Сумма, for=c1034, type=number, min=10000.0, max=80000.0, step=0.01, suffix=₽, outlined=True, dense=True, hide-bottom-space=True, inputmode=decimal]
E                Select [model-value={'value': 0, 'label'..., options=[{'value': 0, 'label..., label=Канал, outlined=True, dense=True, options-dense=True]
E                Tooltip [text=Канал, target=#c1035]
E                Select [model-value={'value': 0, 'label'..., options=[{'value': 0, 'label..., label=Получатель, outlined=True, dense=True, options-dense=True, hide-bottom-space=True]
E                Select [model-value={'value': 0, 'label'..., options=[{'value': 0, 'label..., label=Ожидание перед опера..., outlined=True, dense=True, hide-bottom-space=True]
E              Expansion [label=2. Перевести по карт..., caption=Алексей — постоянный...]
E               div
E                Number [model-value=78000, label=Сумма, for=c1056, type=number, min=10000.0, max=80000.0, step=0.01, suffix=₽, outlined=True, dense=True, hide-bottom-space=True, inputmode=decimal]
E                Select [model-value={'value': 0, 'label'..., options=[{'value': 0, 'label..., label=Канал, outlined=True, dense=True, options-dense=True]
E                Tooltip [text=Канал, target=#c1057]
E                Select [model-value={'value': 0, 'label'..., options=[{'value': 0, 'label..., label=Получатель, outlined=True, dense=True, options-dense=True, hide-bottom-space=True]
E                Select [model-value={'value': 0, 'label'..., options=[{'value': 0, 'label..., label=Ожидание перед опера..., outlined=True, dense=True, hide-bottom-space=True]
E              Expansion [label=1. Получить входящий..., caption=Алексей — постоянный...]
E               div
E                Number [model-value=80000, label=Сумма, for=c1078, type=number, min=10000.0, max=80000.0, step=0.01, suffix=₽, outlined=True, dense=True, hide-bottom-space=True, inputmode=decimal]
E                Select [model-value={'value': 0, 'label'..., options=[{'value': 0, 'label..., label=Источник перевода, outlined=True, dense=True, options-dense=True]
E                Tooltip [text=Откуда поступают ден..., target=#c1079]
E                Select [model-value={'value': 0, 'label'..., options=[{'value': 0, 'label..., label=Отправитель, outlined=True, dense=True, options-dense=True, hide-bottom-space=True]
E            Card
E             Column
E              Column
E               Label [text=Цель исходящих опера...]
E               Row
E                Row
E                 Label [text=400 000,00]
E                 Label [text=₽]
E                Label [text=100%]
E               LinearProgress [value=1.0, size=4px, rounded=True]
E               Label [text=из 400 000,00 ₽]
E              Row
E               Label [text=Комиссии]
E               Label [text=2 050,00 ₽]
E              Column
E               Column
E                Label [text=Лимиты и цель]
E                Row
E                 Icon [name=check_circle]
E                 Label [text=Цель]
E                 Label [text=Достигнута]
E                Row
E                 Icon [name=check_circle]
E                 Label [text=Наличные операции]
E                 Label [text=10 000,00 / 120 000,...]
E                Row
E                 Icon [name=check_circle]
E                 Label [text=Действия в раунде]
E                 Label [text=9 / 14]
E                Row
E                 Icon [name=check_circle]
E                 Label [text=Сумма покупок]
E                 Label [text=0,00 / 30 000,00 ₽]
E                Row
E                 Icon [name=check_circle]
E                 Label [text=Количество покупок]
E                 Label [text=0 / 3]
E                Label [text=Всё готово к отправк...]
E             Label [visible=False]
E             Column
E              Label [text=Сохранено]
E              Button [label=Повторить запрос, outline=True, no-caps=True, visible=False]
E              Button [label=Отправить сценарий, icon=arrow_forward, unelevated=True, no-caps=True, text-color=white]
E       Timer
E       Timer
============================== warnings summary ===============================
..\..\AMLautosim\.venv\Lib\site-packages\fastapi\testclient.py:1
  C:\Users\bigze\Documents\GH\AMLautosim\.venv\Lib\site-packages\fastapi\testclient.py:1: StarletteDeprecationWarning: Using `httpx` with `starlette.testclient` is deprecated; install `httpx2` instead.
    from starlette.testclient import TestClient as TestClient  # noqa

..\..\AMLautosim\.venv\Lib\site-packages\starlette\testclient.py:53
  C:\Users\bigze\Documents\GH\AMLautosim\.venv\Lib\site-packages\starlette\testclient.py:53: DeprecationWarning: The anyio.abc.BlockingPortal alias is deprecated, use anyio.from_thread.BlockingPortal instead.
    _PortalFactoryType = Callable[[], AbstractContextManager[anyio.abc.BlockingPortal]]

-- Docs: https://docs.pytest.org/en/stable/how-to/capture-warnings.html
=========================== short test summary info ===========================
FAILED tests/unit/test_nicegui_organizer.py::test_confirmation_client_lifecycle[disconnect]
FAILED tests/unit/test_nicegui_organizer.py::test_confirmation_client_lifecycle[delete]
FAILED tests/unit/test_nicegui_organizer.py::test_confirmation_client_lifecycle[confirm]
FAILED tests/unit/test_nicegui_organizer.py::test_confirmation_client_lifecycle[cancel]
FAILED tests/api/test_nicegui_participant_editing.py::test_parameters_and_amount_remain_editable_after_autosave
FAILED tests/api/test_nicegui_forms.py::test_registration_login_and_full_workshop
6 failed, 15 passed, 2 warnings in 33.02s

