..................................FFFF..FF...                            [100%]
================================== FAILURES ===================================
_______________ test_confirmation_client_lifecycle[disconnect] ________________
tests\unit\test_nicegui_organizer.py:78: in test_confirmation_client_lifecycle
    asyncio.run(run())
..\..\..\..\AppData\Roaming\uv\python\cpython-3.13-windows-x86_64-none\Lib\asyncio\runners.py:196: in run
    return runner.run(main)
           ^^^^^^^^^^^^^^^^
..\..\..\..\AppData\Roaming\uv\python\cpython-3.13-windows-x86_64-none\Lib\asyncio\runners.py:119: in run
    return self._loop.run_until_complete(task)
           ^^^^^^^^^^^^^^^^^^^^^^^^^^^^^^^^^^^
..\..\..\..\AppData\Roaming\uv\python\cpython-3.13-windows-x86_64-none\Lib\asyncio\base_events.py:726: in run_until_complete
    return future.result()
           ^^^^^^^^^^^^^^^
tests\unit\test_nicegui_organizer.py:61: in run
    with user:
         ^^^^
..\..\AMLautosim\.venv\Lib\site-packages\nicegui\testing\user.py:57: in __enter__
    return self._client.__enter__()
           ^^^^^^^^^^^^
..\..\AMLautosim\.venv\Lib\site-packages\nicegui\testing\user.py:67: in __getattribute__
    return super().__getattribute__(name)
           ^^^^^^^^^^^^^^^^^^^^^^^^^^^^^^
..\..\AMLautosim\.venv\Lib\site-packages\nicegui\testing\user.py:53: in _client
    raise ValueError('This user has not opened a page yet. Did you forgot to call .open()?')
E   ValueError: This user has not opened a page yet. Did you forgot to call .open()?
_________________ test_confirmation_client_lifecycle[delete] __________________
tests\unit\test_nicegui_organizer.py:78: in test_confirmation_client_lifecycle
    asyncio.run(run())
..\..\..\..\AppData\Roaming\uv\python\cpython-3.13-windows-x86_64-none\Lib\asyncio\runners.py:196: in run
    return runner.run(main)
           ^^^^^^^^^^^^^^^^
..\..\..\..\AppData\Roaming\uv\python\cpython-3.13-windows-x86_64-none\Lib\asyncio\runners.py:119: in run
    return self._loop.run_until_complete(task)
           ^^^^^^^^^^^^^^^^^^^^^^^^^^^^^^^^^^^
..\..\..\..\AppData\Roaming\uv\python\cpython-3.13-windows-x86_64-none\Lib\asyncio\base_events.py:726: in run_until_complete
    return future.result()
           ^^^^^^^^^^^^^^^
tests\unit\test_nicegui_organizer.py:61: in run
    with user:
         ^^^^
..\..\AMLautosim\.venv\Lib\site-packages\nicegui\testing\user.py:57: in __enter__
    return self._client.__enter__()
           ^^^^^^^^^^^^
..\..\AMLautosim\.venv\Lib\site-packages\nicegui\testing\user.py:67: in __getattribute__
    return super().__getattribute__(name)
           ^^^^^^^^^^^^^^^^^^^^^^^^^^^^^^
..\..\AMLautosim\.venv\Lib\site-packages\nicegui\testing\user.py:53: in _client
    raise ValueError('This user has not opened a page yet. Did you forgot to call .open()?')
E   ValueError: This user has not opened a page yet. Did you forgot to call .open()?
_________________ test_confirmation_client_lifecycle[confirm] _________________
tests\unit\test_nicegui_organizer.py:78: in test_confirmation_client_lifecycle
    asyncio.run(run())
..\..\..\..\AppData\Roaming\uv\python\cpython-3.13-windows-x86_64-none\Lib\asyncio\runners.py:196: in run
    return runner.run(main)
           ^^^^^^^^^^^^^^^^
..\..\..\..\AppData\Roaming\uv\python\cpython-3.13-windows-x86_64-none\Lib\asyncio\runners.py:119: in run
    return self._loop.run_until_complete(task)
           ^^^^^^^^^^^^^^^^^^^^^^^^^^^^^^^^^^^
..\..\..\..\AppData\Roaming\uv\python\cpython-3.13-windows-x86_64-none\Lib\asyncio\base_events.py:726: in run_until_complete
    return future.result()
           ^^^^^^^^^^^^^^^
tests\unit\test_nicegui_organizer.py:61: in run
    with user:
         ^^^^
..\..\AMLautosim\.venv\Lib\site-packages\nicegui\testing\user.py:57: in __enter__
    return self._client.__enter__()
           ^^^^^^^^^^^^
..\..\AMLautosim\.venv\Lib\site-packages\nicegui\testing\user.py:67: in __getattribute__
    return super().__getattribute__(name)
           ^^^^^^^^^^^^^^^^^^^^^^^^^^^^^^
..\..\AMLautosim\.venv\Lib\site-packages\nicegui\testing\user.py:53: in _client
    raise ValueError('This user has not opened a page yet. Did you forgot to call .open()?')
E   ValueError: This user has not opened a page yet. Did you forgot to call .open()?
_________________ test_confirmation_client_lifecycle[cancel] __________________
tests\unit\test_nicegui_organizer.py:78: in test_confirmation_client_lifecycle
    asyncio.run(run())
..\..\..\..\AppData\Roaming\uv\python\cpython-3.13-windows-x86_64-none\Lib\asyncio\runners.py:196: in run
    return runner.run(main)
           ^^^^^^^^^^^^^^^^
..\..\..\..\AppData\Roaming\uv\python\cpython-3.13-windows-x86_64-none\Lib\asyncio\runners.py:119: in run
    return self._loop.run_until_complete(task)
           ^^^^^^^^^^^^^^^^^^^^^^^^^^^^^^^^^^^
..\..\..\..\AppData\Roaming\uv\python\cpython-3.13-windows-x86_64-none\Lib\asyncio\base_events.py:726: in run_until_complete
    return future.result()
           ^^^^^^^^^^^^^^^
tests\unit\test_nicegui_organizer.py:61: in run
    with user:
         ^^^^
..\..\AMLautosim\.venv\Lib\site-packages\nicegui\testing\user.py:57: in __enter__
    return self._client.__enter__()
           ^^^^^^^^^^^^
..\..\AMLautosim\.venv\Lib\site-packages\nicegui\testing\user.py:67: in __getattribute__
    return super().__getattribute__(name)
           ^^^^^^^^^^^^^^^^^^^^^^^^^^^^^^
..\..\AMLautosim\.venv\Lib\site-packages\nicegui\testing\user.py:53: in _client
    raise ValueError('This user has not opened a page yet. Did you forgot to call .open()?')
E   ValueError: This user has not opened a page yet. Did you forgot to call .open()?
__________ test_parameters_and_amount_remain_editable_after_autosave __________
tests\api\test_nicegui_participant_editing.py:109: in test_parameters_and_amount_remain_editable_after_autosave
    asyncio.run(run())
..\..\..\..\AppData\Roaming\uv\python\cpython-3.13-windows-x86_64-none\Lib\asyncio\runners.py:196: in run
    return runner.run(main)
           ^^^^^^^^^^^^^^^^
..\..\..\..\AppData\Roaming\uv\python\cpython-3.13-windows-x86_64-none\Lib\asyncio\runners.py:119: in run
    return self._loop.run_until_complete(task)
           ^^^^^^^^^^^^^^^^^^^^^^^^^^^^^^^^^^^
..\..\..\..\AppData\Roaming\uv\python\cpython-3.13-windows-x86_64-none\Lib\asyncio\base_events.py:726: in run_until_complete
    return future.result()
           ^^^^^^^^^^^^^^^
tests\api\test_nicegui_participant_editing.py:45: in run
    user.find(kind=ui.button, content=card["title"]).click()
    ^^^^^^^^^^^^^^^^^^^^^^^^^^^^^^^^^^^^^^^^^^^^^^^^
..\..\AMLautosim\.venv\Lib\site-packages\nicegui\testing\user.py:221: in find
    raise AssertionError('expected to find at least one ' +
E   AssertionError: expected to find at least one element of type Button with marker=None and content='Получить входящий перевод' on the page:
E   q-layout
E    q-page-container
E     q-page
E      div
E       Colors [primary=#1555a2, secondary=#397fbd, accent=#9c27b0, dark=#1d1d1d, dark-page=#121212, positive=#247c62, negative=#ad4535, info=#31ccec, warning=#f2c037]
E       Row
E        Row
E         div
E          Label [text=AML Практикум]
E         Label [text=Мастер-класс AML]
E        Space
E        Label [text=Игра идёт]
E        Label [text=Участник]
E        Row
E         Link [text=Об игре, href=/about?audience=play, target=_blank]
E          Icon [name=menu_book, aria-hidden=true]
E         Tooltip [text=Открыть описание игр..., target=#c14]
E         Button [icon=logout, flat=True, dense=True, aria-label=Выйти]
E         Tooltip [text=Выйти, target=#c17]
E       Column
E        Label [visible=False]
E        Column
E         Column
E          Column
E           Row
E            Link [text=Сценарий, href=/play, target=_self]
E            Link [text=Профиль, href=/play/profile, target=_self]
E            Link [text=Ограничения, href=/play/limits, target=_self]
E           div
E            Column
E             Column
E             Column
E              Button [label=Зарплата, icon=account_balance_wall..., flat=True, no-caps=True, align=center]
E              Button [label=Входящий перевод, icon=south_west, flat=True, no-caps=True, align=center]
E              Button [label=Перевод по карте, icon=credit_card, flat=True, no-caps=True, align=center]
E              Button [label=Наличные, icon=payments, flat=True, no-caps=True, align=center]
E              Button [label=Покупка, icon=shopping_bag, flat=True, no-caps=True, align=center]
E             Column
E              Column
E               Icon [name=playlist_add]
E               Label [text=Добавьте первую опер...]
E            Card
E             Column
E              Label [text=Цель: 400 000,00 ₽ и...]
E              Label [text=На старте: 180 000,0...]
E              Label [text=Покупки не засчитыва...]
E             Label [visible=False]
E             Column
E              Label [text=Сохранено]
E              Button [label=Повторить запрос, outline=True, no-caps=True, visible=False]
E              Button [label=Отправить сценарий, icon=arrow_forward, unelevated=True, no-caps=True, disable=True, text-color=blue-grey-5]
E       Timer
E       Timer
__________________ test_registration_login_and_full_workshop __________________
tests\api\test_nicegui_forms.py:254: in test_registration_login_and_full_workshop
    asyncio.run(run())
..\..\..\..\AppData\Roaming\uv\python\cpython-3.13-windows-x86_64-none\Lib\asyncio\runners.py:196: in run
    return runner.run(main)
           ^^^^^^^^^^^^^^^^
..\..\..\..\AppData\Roaming\uv\python\cpython-3.13-windows-x86_64-none\Lib\asyncio\runners.py:119: in run
    return self._loop.run_until_complete(task)
           ^^^^^^^^^^^^^^^^^^^^^^^^^^^^^^^^^^^
..\..\..\..\AppData\Roaming\uv\python\cpython-3.13-windows-x86_64-none\Lib\asyncio\base_events.py:726: in run_until_complete
    return future.result()
           ^^^^^^^^^^^^^^^
tests\api\test_nicegui_forms.py:171: in run
    user.find(
..\..\AMLautosim\.venv\Lib\site-packages\nicegui\testing\user.py:221: in find
    raise AssertionError('expected to find at least one ' +
E   AssertionError: expected to find at least one element of type Button with marker=None and content='Получить входящий перевод' on the page:
E   q-layout
E    q-page-container
E     q-page
E      div
E       Colors [primary=#1555a2, secondary=#397fbd, accent=#9c27b0, dark=#1d1d1d, dark-page=#121212, positive=#247c62, negative=#ad4535, info=#31ccec, warning=#f2c037]
E       Row
E        Row
E         div
E          Label [text=AML Практикум]
E         Label [text=Игра NiceGUI]
E        Space
E        Label [text=Игра идёт]
E        Label [text=Тест формы]
E        Row
E         Link [text=Об игре, href=/about?audience=play, target=_blank]
E          Icon [name=menu_book, aria-hidden=true]
E         Tooltip [text=Открыть описание игр..., target=#c14]
E         Button [icon=logout, flat=True, dense=True, aria-label=Выйти]
E         Tooltip [text=Выйти, target=#c17]
E       Column
E        Label [visible=False]
E        Column
E         Column
E          Column
E           Row
E            Link [text=Сценарий, href=/play, target=_self]
E            Link [text=Профиль, href=/play/profile, target=_self]
E            Link [text=Ограничения, href=/play/limits, target=_self]
E           div
E            Column
E             Column
E             Column
E              Button [label=Зарплата, icon=account_balance_wall..., flat=True, no-caps=True, align=center]
E              Button [label=Входящий перевод, icon=south_west, flat=True, no-caps=True, align=center]
E              Button [label=Перевод по карте, icon=credit_card, flat=True, no-caps=True, align=center]
E              Button [label=Наличные, icon=payments, flat=True, no-caps=True, align=center]
E              Button [label=Покупка, icon=shopping_bag, flat=True, no-caps=True, align=center]
E             Column
E              Column
E               Icon [name=playlist_add]
E               Label [text=Добавьте первую опер...]
E            Card
E             Column
E              Label [text=Цель: 400 000,00 ₽ и...]
E              Label [text=На старте: 180 000,0...]
E              Label [text=Покупки не засчитыва...]
E             Label [visible=False]
E             Column
E              Label [text=Сохранено]
E              Button [label=Повторить запрос, outline=True, no-caps=True, visible=False]
E              Button [label=Отправить сценарий, icon=arrow_forward, unelevated=True, no-caps=True, disable=True, text-color=blue-grey-5]
E       Timer
E       Timer
============================== warnings summary ===============================
..\..\AMLautosim\.venv\Lib\site-packages\fastapi\testclient.py:1
  C:\Users\bigze\Documents\GH\AMLautosim\.venv\Lib\site-packages\fastapi\testclient.py:1: StarletteDeprecationWarning: Using `httpx` with `starlette.testclient` is deprecated; install `httpx2` instead.
    from starlette.testclient import TestClient as TestClient  # noqa

..\..\AMLautosim\.venv\Lib\site-packages\starlette\testclient.py:53
  C:\Users\bigze\Documents\GH\AMLautosim\.venv\Lib\site-packages\starlette\testclient.py:53: DeprecationWarning: The anyio.abc.BlockingPortal alias is deprecated, use anyio.from_thread.BlockingPortal instead.
    _PortalFactoryType = Callable[[], AbstractContextManager[anyio.abc.BlockingPortal]]

-- Docs: https://docs.pytest.org/en/stable/how-to/capture-warnings.html
=========================== short test summary info ===========================
FAILED tests/unit/test_nicegui_organizer.py::test_confirmation_client_lifecycle[disconnect]
FAILED tests/unit/test_nicegui_organizer.py::test_confirmation_client_lifecycle[delete]
FAILED tests/unit/test_nicegui_organizer.py::test_confirmation_client_lifecycle[confirm]
FAILED tests/unit/test_nicegui_organizer.py::test_confirmation_client_lifecycle[cancel]
FAILED tests/api/test_nicegui_participant_editing.py::test_parameters_and_amount_remain_editable_after_autosave
FAILED tests/api/test_nicegui_forms.py::test_registration_login_and_full_workshop
6 failed, 39 passed, 2 warnings in 22.65s

